Q000319	0.1.1 Ur III catalogue from Nibru (N1)
Q000320	0.1.2 Ur III catalogue at Yale (Y1)
Q000321	0.2.01 OB catalogue from Nibru (N2)
Q000322	0.2.02 OB catalogue in the Louvre (L)
Q000323	0.2.03 OB catalogue from Urim (U1)
Q000324	0.2.04 OB catalogue from Urim (U2)
Q000325	0.2.05 OB catalogue from Urim (U3)
Q000326	0.2.06 OB catalogue from Nibru (N3)
Q000327	0.2.07 OB catalogue possibly from Zimbir (B1)
Q000328	0.2.08 OB catalogue from Nibru (N4)
Q000329	0.2.11 OB catalogue at Andrews University (B4)
Q000330	0.2.12 OB catalogue at Yale (Y2)
Q000331	0.2.13 OB catalogue from Nibru (N6)
Q002287	0.2.17 OB letter catalogue from Unug (W 17259 an)
Q002288	0.2.18 OB catalogue from Zimbir (Si 331)
Q000332	1.1.1 Enki and Ninḫursaĝa
Q000333	1.1.2 Enki and Ninmaḫ
Q000334	1.1.3 Enki and the world order
Q000335	1.1.4 Enki's journey to Nibru
Q000336	1.2.1 Enlil and Ninlil
Q000337	1.2.2 Enlil and Sud
Q000338	1.3.1 Inana and Enki
Q000339	1.3.2 Inana and Ebiḫ
Q000340	1.3.3 Inana and Šu-kale-tuda
Q000341	1.3.4 Inana and Gudam
Q000342	1.3.5 Inana and An
Q000343	1.4.1 Inana's descent to the nether world
Q000344	1.4.1.1 Dumuzid and Ĝeštin-ana
Q000345	1.4.1.3 Dumuzid and his sisters
Q000347	1.4.3 Dumuzid's dream
Q000348	1.4.4 Inana and Bilulu: an ulila to Inana
Q000349	1.5.1 Nanna-Suen's journey to Nibru
Q000350	1.6.1 Ninurta's return to Nibru: a šir-gida to Ninurta
Q000351	1.6.2 Ninurta's exploits: a šir-sud (?) to Ninurta
Q000352	1.6.3 Ninurta and the turtle
Q000353	1.6.4 The fields of Ninurta
Q000354	1.7.1 The marriage of Martu
Q000355	1.7.2 Ninĝišzida and Ninazimua
Q000356	1.7.3 Ninĝišzida's journey to the nether world
Q000357	1.7.4 The Flood story
Q002289	1.7.5 The creation of mankind
Q000358	1.7.6 How grain came to Sumer
Q000359	1.7.7 The šumunda grass
Q000360	1.7.8 Pabilsaĝ's journey to Nibru
Q002290	1.7.9 Damu and his sister
Q002291	1.7.10 A cosmogonic fragment
Q000361	1.8.1.1 Gilgameš and Aga
Q000362	1.8.1.2 Gilgameš and the bull of heaven
Q000363	1.8.1.3 The death of Gilgameš
Q000364	1.8.1.4 Gilgameš, Enkidu and the nether world
Q000365	1.8.1.5 Gilgameš and Ḫuwawa (Version A)
Q000366	1.8.1.5.1 Gilgameš and Ḫuwawa (Version B)
Q002292	1.8.1.a A Gilgameš fragment
Q002293	1.8.1.b A fragment listing Gilgameš among deities
Q000367	1.8.2.1 Lugalbanda in the mountain cave
Q000368	1.8.2.2 Lugalbanda and the Anzud bird
Q000369	1.8.2.3 Enmerkar and the lord of Aratta
Q000370	1.8.2.4 Enmerkar and En-suḫgir-ana
Q002294	1.8.2.5 An Enmerkar narrative
Q002295	1.8.3.1 The legend of Adapa
Q000371	2.1.1 The Sumerian king list
Q000372	2.1.2 The rulers of Lagaš
Q000373	2.1.3 The history of the Tummal
Q000374	2.1.4 Sargon and Ur-Zababa
Q000375	2.1.5 The cursing of Agade
Q000376	2.1.6 The victory of Utu-ḫeĝal
Q000377	2.1.7 The building of Ninĝirsu's temple (Gudea, cylinders A and B)
Q000379	2.2.2 The lament for Urim
Q000380	2.2.3 The lament for Sumer and Urim
Q000381	2.2.4 The lament for Nibru
Q000382	2.2.5 The lament for Unug
Q000383	2.2.6 The lament for Eridug
Q000384	2.3.1 An adab to Bau for Luma (Luma A)
Q000385	2.3.2 A tigi to Bau for Gudea (Gudea A)
Q000386	2.4.1.1 The death of Ur-Namma (Ur-Namma A)
Q000387	2.4.1.2 A tigi to Enlil for Ur-Namma (Ur-Namma B)
Q000388	2.4.1.3 A praise poem of Ur-Namma (Ur-Namma C)
Q000389	2.4.1.4 Ur-Namma the canal-digger (Ur-Namma D)
Q000390	2.4.1.5 A šir-namšub (?) to Nanna for Ur-Namma (Ur-Namma E)
Q000391	2.4.1.6 A šir-namšub to Nanna for Ur-Namma (Ur-Namma F)
Q000392	2.4.1.7 A balbale to Enlil for Ur-Namma (Ur-Namma G)
Q000393	2.4.1.8 A praise poem of Ur-Namma (Ur-Namma H)
Q000394	2.4.1.a A praise poem of Ur-Namma (Ur-Namma I)
Q002296	2.4.1.b A praise poem of Ur-Namma (Ur-Namma J)
Q000395	2.4.2.01 A praise poem of Šulgi (Šulgi A)
Q000396	2.4.2.02 A praise poem of Šulgi (Šulgi B)
Q000397	2.4.2.03 A praise poem of Šulgi (Šulgi C)
Q000398	2.4.2.04 A praise poem of Šulgi (Šulgi D)
Q000399	2.4.2.05 A praise poem of Šulgi (Šulgi E)
Q000400	2.4.2.06 A hymn to Nanna for Šulgi (Šulgi F)
Q000401	2.4.2.07 An adab to Enlil for Šulgi (Šulgi G)
Q000403	2.4.2.11 A praise poem of Šulgi (Šulgi K)
Q000404	2.4.2.12 A tigi (?) for Šulgi (Šulgi L)
Q000406	2.4.2.14 A lullaby for a son of Šulgi (Šulgi N)
Q000407	2.4.2.15 A praise poem of Šulgi (Šulgi O)
Q000408	2.4.2.16 A praise poem of Šulgi (Šulgi P)
Q000409	2.4.2.17 An adab (?) to Utu for Šulgi (Šulgi Q)
Q000410	2.4.2.18 Šulgi and Ninlil's barge: a tigi (?) to Ninlil (Šulgi R)
Q000412	2.4.2.20 A tigi to Ninurta for Šulgi (Šulgi T)
Q000413	2.4.2.21 An adab (?) to Nergal for Šulgi (?) (Šulgi U)
Q000414	2.4.2.22 A dedication of a statue (Šulgi V)
Q000415	2.4.2.23 A praise poem of Šulgi (Šulgi W)
Q000416	2.4.2.24 A praise poem of Šulgi (Šulgi X)
Q000417	2.4.2.25 A praise poem of Šulgi (Šulgi Y)
Q000418	2.4.2.26 A love song of Šulgi (Šulgi Z)
Q000419	2.4.2.a A song of Šulgi
Q000420	2.4.2.b A praise poem of Šulgi
Q002298	2.4.2.d A Šulgi fragment
Q002299	2.4.2.e A Šulgi fragment
Q002300	2.4.2.f A praise poem of Šulgi
Q002301	2.4.2.g A praise poem of Šulgi
Q002302	2.4.2.h A praise poem of Šulgi
Q000421	2.4.3.1 Amar-Suena and Enki's temple (Amar-Suena A)
Q000422	2.4.4.1 A balbale to Bau for Šu-Suen (Šu-Suen A)
Q000423	2.4.4.2 A balbale to Inana for Šu-Suen (Šu-Suen B)
Q000424	2.4.4.3 A balbale to Inana for Šu-Suen (Šu-Suen C)
Q000425	2.4.4.4 A tigi (?) to Ninurta for Šu-Suen (Šu-Suen D)
Q000426	2.4.4.5 An adab to An for Šu-Suen (Šu-Suen E)
Q000427	2.4.4.6 An adab (?) to Suen for Šu-Suen (Šu-Suen F)
Q000429	2.4.4.8 A love song of Šu-Suen (Šu-Suen H)
Q000430	2.4.4.9 A praise poem of Šu-Suen (Šu-Suen I)
Q000431	2.4.4.a A hymn for Šu-Suen
Q000432	2.4.5.1 A tigi to Suen for Ibbi-Suen (Ibbi-Suen A)
Q000433	2.4.5.2 A šir-namgala to Mešlamta-ea and Lugal-era for Ibbi-Suen (Ibbi-Suen B)
Q000434	2.4.5.3 An adab to Suen for Ibbi-Suen (Ibbi-Suen C)
Q000435	2.4.5.4 An ululumama to Suen for Ibbi-Suen (Ibbi-Suen D)
Q000436	2.4.5.5 A hymn to Suen for Ibbi-Suen (Ibbi-Suen E)
Q000437	2.5.1.1 A praise poem of Išbi-Erra (Išbi-Erra A)
Q000438	2.5.1.2 Išbi-Erra and Kindattu (Išbi-Erra B)
Q000439	2.5.1.3 A tigi to Nanaya for Išbi-Erra (Išbi-Erra C)
Q000440	2.5.1.4 A hymn to Ninisina for Išbi-Erra (Išbi-Erra D)
Q000441	2.5.1.5 A hymn to Nisaba for Išbi-Erra (Išbi-Erra E)
Q000443	2.5.1.7 A praise poem of Išbi-Erra (Išbi-Erra G)
Q002303	2.5.1.8 A praise poem of Išbi-Erra (Išbi-Erra H)
Q002304	2.5.1.a An Išbi-Erra fragment
Q002305	2.5.1.b An Išbi-Erra fragment
Q000444	2.5.2.1 An adab to Nergal for Šu-ilīšu (Šu-ilīšu A)
Q000446	2.5.2.3 An adab for Šu-ilīšu (Šu-ilīšu C)
Q000447	2.5.3.1 A šir-namursaĝa to Ninsiana for Iddin-Dagan (Iddin-Dagan A)
Q000448	2.5.3.2 A praise poem of Iddin-Dagan (Iddin-Dagan B)
Q000449	2.5.3.3 An adab to Ningublaga for Iddin-Dagan (Iddin-Dagan C)
Q000450	2.5.3.4 A šir-namerima (?) for Iddin-Dagan (Iddin-Dagan D)
Q000451	2.5.4.01 A praise poem of Išme-Dagan (Išme-Dagan A + V)
Q000452	2.5.4.02 An adab to Bau for Išme-Dagan (Išme-Dagan B)
Q000453	2.5.4.03 A hymn to Nibru and Išme-Dagan (Išme-Dagan C)
Q000454	2.5.4.04 An adab (?) to Enki for Išme-Dagan (Išme-Dagan D)
Q000455	2.5.4.05 A balbale to Enki for Išme-Dagan (Išme-Dagan E)
Q000458	2.5.4.08 An adab to Enlil for Išme-Dagan (Išme-Dagan H)
Q000459	2.5.4.09 Išme-Dagan and Enlil's Chariot: a tigi to Enlil (Išme-Dagan I)
Q000460	2.5.4.10 A love song of Išme-Dagan (Išme-Dagan J)
Q000461	2.5.4.11 A hymn to Inana for Išme-Dagan (Išme-Dagan K)
Q000463	2.5.4.13 An adab to Nanna for Išme-Dagan (Išme-Dagan M)
Q000465	2.5.4.15 A tigi (?) to Ninurta for Išme-Dagan (Išme-Dagan O)
Q000466	2.5.4.16 An adab (?) to Ninurta for Išme-Dagan (Išme-Dagan P)
Q000467	2.5.4.17 An adab (?) to Nuska for Išme-Dagan (Išme-Dagan Q)
Q000468	2.5.4.18 A hymn to Damu for Išme-Dagan (Išme-Dagan R)
Q000469	2.5.4.19 A dedication of a statue (Išme-Dagan S)
Q000470	2.5.4.20 A hymn to Nergal for Išme-Dagan (Išme-Dagan T)
Q000471	2.5.4.21 An adab to Dagan (?) for Išme-Dagan (Išme-Dagan U)
Q000472	2.5.4.23 A hymn to Nibru and Išme-Dagan (Išme-Dagan W)
Q000473	2.5.4.24 A hymn to Enki (?) for Išme-Dagan (Išme-Dagan X)
Q000475	2.5.4.26 A praise poem of Išme-Dagan (Išme-Dagan Z)
Q000476	2.5.4.27 A praise poem of Išme-Dagan (Išme-Dagan AA)
Q000477	2.5.4.28 A praise poem of Išme-Dagan (Išme-Dagan AB)
Q000478	2.5.4.29 A hymn to Ninurta for Išme-Dagan
Q000479	2.5.4.a A hymn to Inana for Išme-Dagan
Q000480	2.5.4.b A hymn to Enki for Išme-Dagan
Q000481	2.5.5.1 A praise poem of Lipit-Eštar (Lipit-Eštar A)
Q000482	2.5.5.2 A praise poem of Lipit-Eštar (Lipit-Eštar B)
Q000483	2.5.5.3 An adab to An for Lipit-Eštar (Lipit-Eštar C)
Q000484	2.5.5.4 An adab to Ninurta for Lipit-Eštar (Lipit-Eštar D)
Q000485	2.5.5.5 A šir-namgala to Ninisina for Lipit-Eštar (Lipit-Eštar E)
Q000486	2.5.5.6 Lipit-Eštar and the plough (Lipit-Eštar F)
Q000488	2.5.5.8 An ua-di to Inana for Lipit-Eštar (Lipit-Eštar H)
Q000489	2.5.5.9 A praise poem of Lipit-Eštar (Lipit-Eštar I)
Q002307	2.5.5.10 A Lipit-Eštar fragment
Q002308	2.5.5.11 A Lipit-Eštar fragment
Q000490	2.5.6.1 A šir-namgala (?) to Inana for Ur-Ninurta (Ur-Ninurta A)
Q000491	2.5.6.2 A tigi to Enki for Ur-Ninurta (Ur-Ninurta B)
Q000492	2.5.6.3 An adab to Ninurta for Ur-Ninurta (Ur-Ninurta C)
Q000493	2.5.6.4 An adab to Inana for Ur-Ninurta (Ur-Ninurta D)
Q000494	2.5.6.5 An adab to An for Ur-Ninurta (Ur-Ninurta E)
Q000495	2.5.6.6 An adab (?) to Iškur for Ur-Ninurta (Ur-Ninurta F)
Q000496	2.5.6.7 The instructions of Ur-Ninurta (Ur-Ninurta G)
Q000497	2.5.7.1 An adab to Ninurta for Būr-Suen (Būr-Suen A)
Q000498	2.5.7.2 An adab to Enlil for Būr-Suen (Būr-Suen B)
Q000499	2.5.8.1 A praise poem of Enlil-bāni (Enlil-bāni A)
Q002309	2.5.8.a An Enlil-bāni fragment
Q000500	2.6.2.1 An adab to Nanna for Gungunum (Gungunum A)
Q000501	2.6.2.a A hymn to Nanna for Gungunum (Gungunum B)
Q000502	2.6.6.1 A praise poem of Sîn-iddinam (Sîn-iddinam A)
Q000503	2.6.6.2 A praise poem of Sîn-iddinam (Sîn-iddinam B)
Q000504	2.6.6.3 A praise poem of Sîn-iddinam (Sîn-iddinam C)
Q000505	2.6.6.4 A prayer for Sîn-iddinam (Sîn-iddinam D)
Q000506	2.6.6.5 Sîn-iddinam and Iškur (Sîn-iddinam E)
Q002310	2.6.6.a A Sîn-iddinam composition
Q000507	2.6.7.1 A hymn to Numušda for Sîn-iqīšam (Sîn-iqīšam A)
Q002311	2.6.8.a A Warad-Sîn composition
Q000508	2.6.9.1 A prayer to Enlil for Rīm-Sîn (Rīm-Sîn A)
Q000509	2.6.9.2 A hymn to Ḫaia for Rīm-Sîn (Rīm-Sîn B)
Q000510	2.6.9.3 A prayer to An for Rīm-Sîn (Rīm-Sîn C)
Q000511	2.6.9.4 A prayer to Nanna for Rīm-Sîn (Rīm-Sîn D)
Q000512	2.6.9.5 A prayer to Nanna for Rīm-Sîn (Rīm-Sîn E)
Q000513	2.6.9.6 A prayer to Nanna for Rīm-Sîn (Rīm-Sîn F)
Q000514	2.6.9.7 A prayer to Nanna for Rīm-Sîn (Rīm-Sîn G)
Q000515	2.6.9.8 An adab to Inana for Rīm-Sîn (Rīm-Sîn H)
Q000516	2.6.9.a An excerpt from a prayer for Rīm-Sîn
Q002312	2.6.9.b A Rīm-Sîn fragment
Q002313	2.6.9.c A Rīm-Sîn fragment
Q002314	2.6.9.d A Rīm-Sîn fragment
Q000517	2.7.1.1 A praise poem of Anam (Anam A)
Q000518	2.8.2.1 A praise poem of Ḫammu-rābi (Ḫammu-rābi A)
Q000519	2.8.2.2 A prayer to Enki for Ḫammu-rābi (Ḫammu-rābi B)
Q000520	2.8.2.3 A praise poem of Ḫammu-rābi (Ḫammu-rābi C)
Q000521	2.8.2.4 A prayer to Asarluḫi for Ḫammu-rābi (Ḫammu-rābi D)
Q000522	2.8.2.5 A prayer for Ḫammu-rābi (Ḫammu-rābi E)
Q000523	2.8.2.6 A prayer to Inana for Ḫammu-rābi (Ḫammu-rābi F)
Q002315	2.8.2.a A Ḫammu-rābi fragment
Q002316	2.8.2.b A praise poem of Ḫammu-rābi
Q002317	2.8.2.c A fragmentary praise poem of Ḫammu-rābi
Q000524	2.8.3.1 Samsu-iluna and Inana (Samsu-iluna A)
Q000525	2.8.3.2 A prayer for Samsu-iluna (Samsu-iluna B)
Q000526	2.8.3.3 A prayer for Samsu-iluna (Samsu-iluna C)
Q000527	2.8.3.4 A prayer for Samsu-iluna (Samsu-iluna D)
Q000528	2.8.3.5 A prayer for Samsu-iluna (Samsu-iluna E)
Q000529	2.8.3.6 A hymn to Enlil for Samsu-iluna (Samsu-iluna F)
Q000530	2.8.3.7 A prayer for Samsu-iluna (Samsu-iluna G)
Q000531	2.8.3.8 A hymn to Enlil for Samsu-iluna (Samsu-iluna H)
Q000532	2.8.5.1 A hymn to Marduk for Abī-Ešuḫ (Abī-Ešuḫ A)
Q000533	2.8.5.a A praise poem of Abī-Ešuḫ (Abī-Ešuḫ B)
Q000534	2.8.5.b A hymn to Marduk for a king
Q000535	2.99.a A fragment of a royal praise poem
Q000536	2.99.b A fragment of a royal praise poem
Q000537	2.99.c A fragment of a royal praise poem
Q000538	2.99.d An excerpt from a royal praise poem (?)
Q002318	2.99.e A praise poem of an unidentified king
Q000539	3.1.01 Letter from Aradĝu to Šulgi about Apillaša
Q000540	3.1.02 Letter from Šulgi to Aradĝu about Apillaša
Q000541	3.1.03 Letter from Aradĝu to Šulgi about irrigation work
Q000542	3.1.04 Letter from Aradĝu to Šulgi about the country
Q000543	3.1.05 Letter from Aradĝu to Šulgi about Aba-indasa's missing troops
Q000544	3.1.06 Letter from Aradĝu to Šulgi about the fortress Igi-ḫursaĝa
Q000545	3.1.06.1 Letter from Šulgi to Aradĝu about Aba-indasa's letter
Q000546	3.1.07 Letter from Puzur-Šulgi to Šulgi about the advance of the enemy
Q000547	3.1.08 Letter from Šulgi to Puzur-Šulgi about the fortress Igi-ḫursaĝa
Q000548	3.1.10 Letter from Šulgi to Puzur-Šulgi about waterways
Q000549	3.1.11 Letter from Aradĝu (?) to Šulgi about bandits and Apillaša
Q000550	3.1.11.1 Letter from Ur-DUN to Šulgi about Apillaša
Q000551	3.1.12 Letter from Amar-Suena (?) to Šulgi
Q000552	3.1.13 Letter from Šulgi to Amar-Suena
Q000553	3.1.13.1 Letter from Šulgi (?) to Aradĝu about troops
Q000554	3.1.13.2 Letter from Šulgi to Išbi-Erra about the purchase of grain
Q000555	3.1.15 Letter from Šarrum-bāni to Šu-Suen about keeping the Martu at bay
Q000556	3.1.16 Letter from Šu-Suen to Šarrum-bāni about digging a trench
Q000557	3.1.17 Letter from Išbi-Erra to Ibbi-Suen about the purchase of grain
Q000558	3.1.18 Letter from Ibbi-Suen to Išbi-Erra about his bad conduct
Q000559	3.1.19 Letter from Puzur-Šulgi to Ibbi-Suen about Išbi-Erra's claim on Isin
Q000560	3.1.20 Letter from Ibbi-Suen to Puzur-Šulgi hoping for Išbi-Erra's downfall
Q000561	3.1.21 Letter from Aba-indasa to Šulgi about his neglect
Q000562	3.2.01 Letter from Sîn-illat to Iddin-Dagan about confronting the Martu
Q000563	3.2.02 Letter from Iddin-Dagan to Sîn-illat about the troops
Q000564	3.2.03 Letter from Nanna-ki-aĝ to Lipit-Eštar about Gungunum's troops
Q000565	3.2.04 Letter from Lipit-Eštar to Nanna-ki-aĝ about driving away the enemy
Q000566	3.2.05 Letter from Sîn-iddinam to the god Utu
Q002319	3.2.05.1 Letter from Sîn-iddinam to the god Utu
Q002320	3.2.05.2 Letter from Sîn-iddinam to the god Utu
Q000567	3.2.06 Letter from Sîn-iddinam to the goddess Ninisina
Q000568	3.2.07 Letter from Nin-šagta-pada to Rīm-Sîn
Q000569	3.2.08 Letter from Īter-pîša to a deity (?)
Q000570	3.2.09 Letter from Damiq-ilīšu to the god Nuska (?)
Q000571	3.2.10 Letter from Sîn-muballiṭ to an archivist
Q000572	3.2.11 Letter from a scribe to Zimrī-Lim
Q002321	3.2.a Letter from X to Sūmû-lā-Il
Q000573	3.3.01 Letter from Ur-saga to a king fearing the loss of his father's household
Q000574	3.3.02 Letter from Lugal-nesaĝe to a king radiant as the moon
Q000575	3.3.03 Letter from Lugal-nesaĝe to a king radiant as the sun
Q000576	3.3.04 Letter from Ur-Enlila to a governor and temple administrator
Q000577	3.3.05 Letter from a governor and temple administrator to a king
Q000578	3.3.06 Letter from Aba-taḫ-lugalĝa to his brothers
Q000579	3.3.07 Letter from Ugubi to his mother
Q000580	3.3.08 Letter from Šamaš-ṭāb to Ilak-ni'id
Q000581	3.3.09 Letter from Lugal-nesaĝe to Enlil-massu
Q000582	3.3.10 Letter from Inanaka to the goddess Nintinuga
Q000583	3.3.11 Letter from Inim-Inana to Enlil-massu
Q000584	3.3.12 Letter from Inim-Inana to Lugal-ibila
Q000585	3.3.13 Letter from an administrator to the generals
Q000586	3.3.14 Letter from Gudea-Enlila to Diĝir-manšum
Q000587	3.3.15 Letter from Iddatum to Sumutara
Q000588	3.3.16 Letter from Saĝ-lugalbi-zu to Nūr-kabta
Q000590	3.3.18 Letter from Nabi-Enlil to Ṣillī-Eštar
Q000591	3.3.19 Letter from Sîn-šamuḫ to the god Enki
Q000592	3.3.20 Letter from Gudea to his personal deity
Q000593	3.3.21 Letter from the scribe Nanna-manšum to the goddess Ninisina
Q002322	3.3.21.1 Letter from the scribe Nanna-manšum to the goddess Ninisina with a prayer for Sîn-iddinam
Q000594	3.3.22 Letter from X to the god Nanna
Q000595	3.3.23 Letter from Igmil-Sîn to Nudimmud-siga
Q000596	3.3.24 Letter from Nanna-manšum of Urim to Rīm-Sîn (?)
Q000597	3.3.25 Letter from X to the god Utu
Q000598	3.3.26 Letter from Etel-pî-Damu to the god Martu
Q000599	3.3.27 Letter from Inim-Enlila to a king
Q000601	3.3.29 Letter from Nabi-Enlil to his colleagues
Q000602	3.3.30 Letter from X to a king (?)
Q000603	3.3.31 Letter from Šarrum-bāni (?) to Lu-Nanna
Q000604	3.3.32 Letter from Nabi-Enlil to a king
Q000605	3.3.33 Letter from Lugal-ibila to Ĝirini-isag
Q000606	3.3.34 Letter from Lu-Ninurta to Inana-andul-duga
Q000607	3.3.35 Letter from Kug-Ninurta to a king
Q000609	3.3.37 Letter from Nūr-kabta to Enlil-bāni
Q000610	3.3.38 Letter from X to the goddess Ninisina
Q000611	3.3.39 Letter from Kug-Nanna to the god Ninšubur
Q000612	3.4.1 Laws of Ur-Namma
Q000613	3.4.2 Laws of Lipit-Eštar
Q000614	3.4.3 Laws of Ḫammu-rābi
Q000615	4.01.1 A hymn to Asarluḫi (Asarluḫi A)
Q000616	4.02.1 A hymn to Bau's beneficent protective goddess (Bau A)
Q000618	4.03.1 A šir-šag-ḫula to Damgalnuna (Damgalnuna A)
Q000619	4.05.1 Enlil in the E-kur (Enlil A)
Q000621	4.06.1 A hymn to Ḫendursaĝa (Ḫendursaĝa A)
Q000622	4.07.1 A balbale to Inana (Inana A)
Q000623	4.07.2 The exaltation of Inana (Inana B)
Q000624	4.07.3 A hymn to Inana (Inana C)
Q000625	4.07.4 A hymn to Inana as Ninegala (Inana D)
Q000626	4.07.5 A tigi to Inana (Inana E)
Q000627	4.07.6 A balbale (?) to Inana (Inana F)
Q000628	4.07.7 A šir-namšub to Inana (Inana G)
Q000629	4.07.8 A balbale to Inana as Nanaya (Inana H)
Q000630	4.07.9 A šir-namšub to Inana (Inana I)
Q000631	4.07.a A hymn to Inana
Q002323	4.07.b An Inana fragment
Q000632	4.08.01 A balbale to Inana (Dumuzid-Inana A)
Q000633	4.08.02 A balbale to Inana (Dumuzid-Inana B)
Q000634	4.08.03 A balbale to Inana (Dumuzid-Inana C)
Q000635	4.08.04 A balbale to Inana (Dumuzid-Inana D)
Q000636	4.08.05 The song of the lettuce: a balbale to Inana (Dumuzid-Inana E)
Q000637	4.08.06 A balbale to Inana (Dumuzid-Inana F)
Q000638	4.08.07 A balbale to Inana (Dumuzid-Inana G)
Q000639	4.08.08 A tigi to Inana (Dumuzid-Inana H)
Q000640	4.08.09 A kunĝar to Inana (Dumuzid-Inana I)
Q000641	4.08.10 A song of Inana and Dumuzid (Dumuzid-Inana J)
Q000642	4.08.11 A song of Inana and Dumuzid (Dumuzid-Inana K)
Q000643	4.08.12 A song of Inana and Dumuzid (Dumuzid-Inana L)
Q000644	4.08.13 A šir-namšub to Inana (Dumuzid-Inana M)
Q000645	4.08.14 A song of Inana and Dumuzid (Dumuzid-Inana N)
Q000646	4.08.15 A balbale to Inana (Dumuzid-Inana O)
Q000647	4.08.16 A balbale (?) to Inana (Dumuzid-Inana P)
Q000648	4.08.17 A song of Inana and Dumuzid (Dumuzid-Inana Q)
Q000649	4.08.18 A song of Inana and Dumuzid (Dumuzid-Inana R)
Q000650	4.08.19 A song of Inana and Dumuzid (Dumuzid-Inana S)
Q000651	4.08.20 A kunĝar to Inana (Dumuzid-Inana T)
Q002324	4.08.21 A song of Inana and Dumuzid (Dumuzid-Inana U)
Q000652	4.08.22 A song of Inana and Dumuzid (Dumuzid-Inana V)
Q000653	4.08.23 A song of Inana and Dumuzid (Dumuzid-Inana W)
Q000654	4.08.24 A song of Inana and Dumuzid (Dumuzid-Inana X)
Q000655	4.08.25 A song of Inana and Dumuzid (Dumuzid-Inana Y)
Q000656	4.08.26 A song of Inana and Dumuzid (Dumuzid-Inana Z)
Q000657	4.08.27 A song of Inana and Dumuzid (Dumuzid-Inana A1)
Q000658	4.08.28 A song of Inana and Dumuzid (Dumuzid-Inana B1)
Q000659	4.08.29 A song of Inana and Dumuzid (Dumuzid-Inana C1)
Q000660	4.08.30 A song of Inana and Dumuzid (Dumuzid-Inana D1)
Q000661	4.08.31 A balbale to Inana (Dumuzid-Inana E1)
Q000662	4.08.32 A song of Inana and Dumuzid (Dumuzid-Inana F1)
Q000663	4.08.33 Dumuzid and Enkimdu
Q000664	4.08.a A balbale to Inana and Dumuzid
Q000666	4.10.1 A lament of Lisin (Lisin A)
Q000668	4.12.1 A šir-gida to Martu (Martu A)
Q000669	4.12.2 A hymn to Martu (Martu B)
Q000670	4.13.01 A balbale to Suen (Nanna A)
Q000671	4.13.02 A balbale to Nanna (Nanna B)
Q000672	4.13.03 A balbale to Nanna (Nanna C)
Q000673	4.13.04 A balbale to Nanna (Nanna D)
Q000674	4.13.05 A hymn to Nanna (Nanna E)
Q000675	4.13.06 The herds of Nanna (Nanna F)
Q000676	4.13.07 A hymn to Nanna (Nanna G)
Q000677	4.13.08 An adab to Nanna (Nanna H)
Q000678	4.13.09 A tigi to Suen (Nanna I)
Q000679	4.13.10 An ululumama to Nanna (Nanna J)
Q000680	4.13.11 A šir-namšub to Suen (Nanna K)
Q000681	4.13.12 A šir-namgala to Nanna (Nanna L)
Q000682	4.13.13 A hymn to Nanna (Nanna M)
Q000683	4.13.14 A hymn to Nanna (Nanna N)
Q000684	4.13.15 A hymn to Nanna (Nanna O)
Q000685	4.13.16 A hymn to Nanna (Nanna P)
Q000686	4.13.a A hymn to Nanna
Q000687	4.13.b A fragment of a hymn to Nanna
Q000688	4.13.c An excerpt from a hymn to Nanna
Q000689	4.13.d A fragment of a hymn to Nanna
Q002326	4.13.e A hymn to Nanna (?)
Q000690	4.14.1 A hymn to Nanše (Nanše A)
Q000691	4.14.2 A balbale to Nanše (Nanše B)
Q002327	4.14.2.1 A hymn to Nanše
Q000692	4.14.3 Nanše and the birds (Nanše C)
Q000693	4.15.1 A hymn to Nergal (Nergal A)
Q000694	4.15.2 A hymn to Nergal (Nergal B)
Q000695	4.15.3 A tigi to Nergal (Nergal C)
Q000697	4.17.1 A balbale to Ninazu (Ninazu A)
Q000698	4.18.1 A hymn to Ninĝirsu (Ninĝirsu A)
Q000699	4.19.1 A balbale to Ninĝišzida (Ninĝišzida A)
Q000700	4.19.2 A balbale to Ninĝišzida (Ninĝišzida B)
Q000701	4.19.3 A hymn to Ninĝišzida (Ninĝišzida C)
Q000702	4.19.4 A balbale (?) to Ninĝišzida (Ninĝišzida D)
Q000703	4.19.5 A hymn to Ninĝišzida (Ninĝišzida E)
Q000705	4.20.2 A hymn to Ningublaga (Ningublaga B)
Q000706	4.20.3 A hymn to Ningublaga (Ningublaga C)
Q000707	4.21.1 A hymn to Ninimma (Ninimma A)
Q002328	4.21.2 A lament of Ninimma (Ninimma B)
Q000708	4.22.1 A šir-gida to Ninisina (Ninisina A)
Q000709	4.22.2 A šir-namšub to Ninisina (Ninisina B)
Q000710	4.22.3 Ninisina's journey to Nibru: a šir-namšub to Ninisina (Ninisina C)
Q000711	4.22.4 A hymn to Ninisina (Ninisina D)
Q000712	4.22.5 An adab to Ninisina (Ninisina E)
Q000713	4.22.6 Ninisina and the gods (Ninisina F)
Q000714	4.23.1 A hymn to Ninkasi (Ninkasi A)
Q000715	4.24.1 An adab to Ninlil (Ninlil A)
Q000716	4.25.1 A šir-gida (?) to Ninšubur (Ninšubur A)
Q000717	4.25.2 A hymn to Ninšubur (Ninšubur B)
Q000718	4.25.3 A hymn to Ninšubur (Ninšubur C)
Q002329	4.25.4 A hymn to Ninšubur (Ninšubur D)
Q002330	4.25.5 An excerpt from a hymn to Ninšubur
Q000719	4.26.1 A tigi to Nintur (Nintur A)
Q000720	4.27.01 A šir-gida to Ninurta (Ninurta A)
Q000721	4.27.02 Ninurta's journey to Eridug: a šir-gida to Ninurta (Ninurta B)
Q000722	4.27.03 A hymn to Ninurta (Ninurta C)
Q000723	4.27.04 A tigi to Ninurta (Ninurta D)
Q000725	4.27.06 A balbale to Ninurta (Ninurta F)
Q000726	4.27.07 A šir-namšub to Ninurta (Ninurta G)
Q000730	4.27.12 A hymn to Ninurta (Ninurta L)
Q000732	4.27.a A hymn to Ninurta
Q000733	4.16.1 A hymn to Nisaba (Nisaba A)
Q000734	4.16.2 A šir-namšub to Nisaba (Nisaba B)
Q000735	4.16.3 A hymn to Nisaba (Nisaba C)
Q000736	4.28.1 A hymn to Nungal (Nungal A)
Q000737	4.29.1 A šir-gida to Nuska (Nuska A)
Q000738	4.29.2 A šir-gida to Nuska (Nuska B)
Q000739	4.30.1 A balbale to Šara (Šara A)
Q000740	4.30.2 A hymn to Šara (Šara B)
Q000741	4.31.1 A hymn to Šul-pa-e (Šul-pa-e A)
Q000743	4.32.2 A hymn to Utu (Utu B)
Q000744	4.32.3 A hymn to Utu (Utu C)
Q000745	4.32.4 A hymn to Utu (Utu D)
Q000746	4.32.e A šir-namšub to Utu (Utu E)
Q000747	4.32.f A šir-namšub to Utu (Utu F)
Q000748	4.33.1 A hymn to Sadarnuna (Sadarnuna A)
Q000749	4.33.2 A hymn to Kusu (Kusu A)
Q002331	4.33.3 A hymn to a deity
Q000750	4.80.1 The temple hymns
Q000751	4.80.2 The Keš temple hymn
Q000752	4.80.4 A hymn to the E-kur
Q000753	4.80.6 The shrines of Inana
Q000754	5.1.1 Schooldays (E-dub-ba-a A)
Q000755	5.1.2 A scribe and his perverse son (E-dub-ba-a B)
Q000756	5.1.3 The advice of a supervisor to a younger scribe (E-dub-ba-a C)
Q000757	5.1.4 Scribal activities (E-dub-ba-a D)
Q000758	5.1.5 Instructions of a scholar (E-dub-ba-a E)
Q000759	5.1.6 School regulations (E-dub-ba-a R)
Q002332	5.1.a Bilingual teaching
Q000760	5.3.1 The debate between Hoe and Plough
Q000761	5.3.2 The debate between Grain and Sheep
Q000762	5.3.3 The debate between Winter and Summer
Q000763	5.3.4 The debate between Tree and Reed
Q000764	5.3.5 The debate between Bird and Fish
Q000765	5.3.6 The debate between Copper and Silver
Q000766	5.3.7 The debate between Date Palm and Tamarisk
Q000767	5.4.01 A dialogue between two unnamed scribes
Q000768	5.4.02 A dialogue between Enki-ḫeĝal and Enkita-lu
Q000769	5.4.03 A dialogue between Enki-manšum and Ĝirini-isag
Q000770	5.4.04 A dialogue between two women (A)
Q000771	5.4.05 A dialogue between two women (B)
Q000772	5.4.10 A diatribe
Q000773	5.4.11 A diatribe against Engar-dug
Q000774	5.4.12 He is a good seed of a dog
Q009248	5.4.13 Diatribes against women
Q000788	5.2.4 A man and his god
Q000789	5.2.5 The poem of early rulers
Q000826	5.2.6 Nothing is precious (formerly 6.3.a)
Q000775	5.5.1 The message of Lu-diĝira to his mother
Q000776	5.5.2 An elegy on the death of Nannaya
Q000777	5.5.3 An elegy on the death of Nawirtum
Q000778	5.5.4 The song of the hoe
Q000779	5.5.5 The song of the ploughing oxen: an ululumama to Ninurta
Q000780	5.5.6 The song of the millstone
Q000781	5.5.a A drinking song
Q000782	5.6.1 The instructions of Šuruppag
Q000783	5.6.2 Counsels of wisdom
Q000784	5.6.3 The farmer's instructions
Q000785	5.6.5 The three ox-drivers from Adab
Q002335	5.6.6 The old man and the young girl (formerly 5.6.7)
Q000829	5.6.7 The slave and the scoundrel (formerly 6.3.d)
Q000828	5.6.8 The lazy slave girl (formerly 6.3.c)
Q000827	5.6.9 The fowler and his wife (formerly 6.3.b)
Q000790	5.7.1 Enlil and Nam-zid-tara
Q000791	5.7.2 A dog for Nintinuga
Q000792	5.7.3 An axe for Nergal
Q002338	5.7.a Public announcement of the loss of a seal
Q000830	5.8 Riddles (formerly 6.5)
Q000793	5.9.1 The home of the fish
Q000794	5.9.2 The heron and the turtle
Q000787	5.9.3 The goose and the raven (formerly 5.6.a)
Q002341	5.9.4 The fox and Enlil as merchant
Q002342	5.9.5 A fox and a dog
Q000795	6.1.01 Proverbs: collection 1
Q000796	6.1.02 Proverbs: collection 2 + 6
Q000797	6.1.03 Proverbs: collection 3
Q000798	6.1.04 Proverbs: collection 4
Q000799	6.1.05 Proverbs: collection 5
Q000800	6.1.07 Proverbs: collection 7
Q000801	6.1.08 Proverbs: collection 8
Q000802	6.1.09 Proverbs: collection 9
Q000803	6.1.10 Proverbs: collection 10
Q000804	6.1.11 Proverbs: collection 11
Q000805	6.1.12 Proverbs: collection 12
Q000806	6.1.13 Proverbs: collection 13
Q000807	6.1.14 Proverbs: collection 14
Q000808	6.1.15 Proverbs: collection 15
Q000809	6.1.16 Proverbs: collection 16
Q000810	6.1.17 Proverbs: collection 17
Q000811	6.1.18 Proverbs: collection 18
Q000812	6.1.19 Proverbs: collection 19
Q000813	6.1.21 Proverbs: collection 21
Q000814	6.1.22 Proverbs: collection 22
Q000815	6.1.23 Proverbs: collection 23
Q000816	6.1.24 Proverbs: collection 24
Q000817	6.1.25 Proverbs: collection 25
Q000818	6.1.26 Proverbs: collection 26
Q000819	6.1.27 Proverbs: collection 27
Q000820	6.1.28 Proverbs: collection 28
Q000821	6.2.1 Proverbs: from Nibru
Q000822	6.2.2 Proverbs: from Susa
Q000823	6.2.3 Proverbs: from Urim
Q000824	6.2.4 Proverbs: from Unug
Q000825	6.2.5 Proverbs: of unknown provenance
