Q000319.atf:37: sentence boundary at copula im-ed₃-kam
Q000319.atf:65: sentence boundary at copula gal-kam
Q000319.atf:89: sentence boundary at copula di-da-kam
Q000320.atf:13: sentence boundary at nu:~ form nu-kur₂
Q000326.atf:103: sentence boundary at nu:~ form nu-di
Q000326.atf:109: sentence boundary at copula kug-ga-am₃
Q000327.atf:31: sentence boundary at nu:~ form nu-til₃
Q000332.atf:9: sentence boundary at copula kug-kug-ga-am₃
Q000332.atf:9: sentence boundary at copula kug-ga-am₃
Q000332.atf:13: sentence boundary at copula kug-ga-am₃
Q000332.atf:17: sentence boundary at copula kug-ga-am₃
Q000332.atf:17: sentence boundary at copula sikil-am₃
Q000332.atf:21: sentence boundary at copula sikil-am₃
Q000332.atf:33: sentence boundary at copula sikil-am₃
Q000332.atf:45: sentence boundary at copula sikil-am₃
Q000332.atf:267: sentence boundary at copula di₄-di₄-la₂-am₃
Q000332.atf:1051: sentence boundary at copula mu-e-tum₂-mu-un-nam
Q000333.atf:83: sentence boundary at copula mu-un-ši-nud-u₃-nam
Q000333.atf:243: sentence boundary at nu:~ form nu-gam
Q000333.atf:247: sentence boundary at nu:~ form nu-gam
Q000334.atf:768: sentence boundary at nu:~ form nu-ku₄-ku₄
Q000334.atf:964: sentence boundary at copula gu₇-u₃-dam
Q000334.atf:984: sentence boundary at nu:~ form nu-tuku
Q000334.atf:1012: sentence boundary at copula di-dam
Q000334.atf:1072: sentence boundary at copula lah₄-am₃
Q000334.atf:1101: sentence boundary at nu:~ form nu-e₃
Q000334.atf:1105: sentence boundary at nu:~ form nu-e₃
Q000334.atf:1109: sentence boundary at nu:~ form nu-e₃
Q000334.atf:1125: sentence boundary at copula kug-ga-am₃
Q000334.atf:1125: sentence boundary at copula kad₅-am₃
Q000334.atf:1129: sentence boundary at copula kug-ga-am₃
Q000334.atf:1129: sentence boundary at copula kad₅-am₃
Q000334.atf:1153: sentence boundary at copula hul₂-le-dam
Q000334.atf:1337: sentence boundary at copula sa₂-am₃
Q000334.atf:1533: sentence boundary at copula taka₄-am₃
Q000334.atf:1537: sentence boundary at copula taka₄-am₃
Q000335.atf:71: sentence boundary at copula di-dam
Q000336.atf:67: sentence boundary at copula kug-ga-am₃
Q000336.atf:67: sentence boundary at copula kug-ga-am₃
Q000336.atf:75: sentence boundary at copula kug-ga-am₃
Q000336.atf:75: sentence boundary at copula kug-ga-am₃
Q000336.atf:79: sentence boundary at copula kug-ga-am₃
Q000336.atf:83: sentence boundary at copula kug-ga-am₃
Q000337.atf:45: sentence boundary at copula nu-mu-na-ba-am₃
Q000337.atf:49: sentence boundary at copula nu-um-mi-in-e₃-am₃
Q000337.atf:101: sentence boundary at copula mu-na-da-gub-am₃
Q000338.atf:24: sentence boundary at copula gam-e-dam
Q000338.atf:24: sentence boundary at copula di-dam
Q000338.atf:28: sentence boundary at copula gam-e-dam
Q000338.atf:28: sentence boundary at copula di-dam
Q000339.atf:519: sentence boundary at copula huš-am₃
Q000343.atf:217: sentence boundary at nu:~ form nu-di
Q000343.atf:301: sentence boundary at copula šeš₂-am₃
Q000343.atf:749: sentence boundary at copula uš₂-a-kam
Q000343.atf:753: sentence boundary at copula gig-ga-am₃
Q000343.atf:823: sentence boundary at nu:~ form nu-di
Q000344.atf:157: sentence boundary at copula ba-ni-in-du₈-am₃
Q000344.atf:181: sentence boundary at nu:~ form nu-tuku
Q000344.atf:181: sentence boundary at nu:~ form nu-tuku
Q000344.atf:185: sentence boundary at nu:~ form nu-tuku
Q000344.atf:185: sentence boundary at nu:~ form nu-tuku
Q000344.atf:189: sentence boundary at nu:~ form nu-du₈
Q000344.atf:201: sentence boundary at nu:~ form nu-tuku
Q000344.atf:281: sentence boundary at copula ba-ni-in-du₈-am₃
Q000345.atf:279: sentence boundary at copula ba-ra-gig-ga-am₃
Q000345.atf:283: sentence boundary at copula ba-ra-gig-ga-am₃
Q000349.atf:80: sentence boundary at copula gal-gal-la-am₃
Q000349.atf:84: sentence boundary at copula gal-gal-la-am₃
Q000349.atf:88: sentence boundary at copula gal-gal-la₂-am₃
Q000349.atf:92: sentence boundary at copula gal-gal-la₂-am₃
Q000349.atf:279: sentence boundary at copula mu-na-da-an-ri-am₃
Q000349.atf:698: sentence boundary at nu:~ form nu-e₃
Q000349.atf:698: sentence boundary at nu:~ form nu-e₃
Q000349.atf:702: sentence boundary at nu:~ form nu-e₃
Q000349.atf:750: sentence boundary at nu:~ form nu-e₃
Q000349.atf:750: sentence boundary at nu:~ form nu-e₃
Q000349.atf:754: sentence boundary at nu:~ form nu-e₃
Q000349.atf:802: sentence boundary at nu:~ form nu-e₃
Q000349.atf:802: sentence boundary at nu:~ form nu-e₃
Q000349.atf:806: sentence boundary at nu:~ form nu-e₃
Q000349.atf:862: sentence boundary at nu:~ form nu-e₃
Q000349.atf:862: sentence boundary at nu:~ form nu-e₃
Q000349.atf:866: sentence boundary at nu:~ form nu-e₃
Q000349.atf:914: sentence boundary at nu:~ form nu-e₃
Q000349.atf:914: sentence boundary at nu:~ form nu-e₃
Q000349.atf:918: sentence boundary at nu:~ form nu-e₃
Q000350.atf:55: sentence boundary at copula mah-am₃
Q000350.atf:91: sentence boundary at copula huš-am₃
Q000350.atf:95: sentence boundary at copula huš-am₃
Q000350.atf:473: sentence boundary at copula keše₂-am₃
Q000350.atf:606: sentence boundary at nu:~ form nu-tuku
Q000351.atf:27: sentence boundary at nu:~ form nu-kuš₂-u₃
Q000351.atf:123: sentence boundary at nu:~ form nu-zu
Q000351.atf:131: sentence boundary at nu:~ form nu-zu
Q000352.atf:145: sentence boundary at nu:~ form nu-hul₂
Q000352.atf:225: sentence boundary at copula nu-mu-un-zu-am₃
Q000354.atf:485: sentence boundary at copula nu-til-le-dam
Q000354.atf:493: sentence boundary at nu:~ form nu-tuku
Q000354.atf:521: sentence boundary at copula nu-zu-am₃
Q000354.atf:533: sentence boundary at copula nu-tum₂-mu-dam
Q000357.atf:137: sentence boundary at copula ma-an-šuš-am₃
Q000357.atf:242: sentence boundary at nu:~ form nu-ŋal₂
Q000357.atf:246: sentence boundary at nu:~ form nu-zu
Q000358.atf:13: sentence boundary at nu:~ form nu-zu
Q000358.atf:87: sentence boundary at nu:~ form nu-zu
Q000358.atf:115: sentence boundary at nu:~ form nu-zu
Q000360.atf:67: sentence boundary at copula dub₂-be₂-dam
Q000363.atf:90: sentence boundary at nu:~ form nu-tuku
Q000363.atf:420: sentence boundary at nu:~ form nu-ru-gu₂
Q000363.atf:481: sentence boundary at copula nu-ni₁₀-ni₁₀-dam
Q000363.atf:554: sentence boundary at copula nu-ŋal₂-am₃
Q000363.atf:562: sentence boundary at nu:~ form nu-e₃
Q000363.atf:651: sentence boundary at copula kalag-ga-kam
Q000363.atf:655: sentence boundary at copula kalag-ga-kam
Q000363.atf:659: sentence boundary at copula de₂-a-kam
Q000363.atf:885: sentence boundary at nu:~ form nu-ŋa₂-ŋa₂
Q000363.atf:909: sentence boundary at nu:~ form nu-kiŋ₂-kiŋ₂
Q000363.atf:991: sentence boundary at nu:~ form nu-tuku
Q000363.atf:991: sentence boundary at nu:~ form nu-tuku
Q000364.atf:89: sentence boundary at copula gu₄-ud-da-kam
Q000364.atf:97: sentence boundary at copula du₇-am₃
Q000365.atf:31: sentence boundary at copula gub-bu-ba-am₃
Q000365.atf:35: sentence boundary at copula nu-gub-bu-ba-am₃
Q000366.atf:208: sentence boundary at nu:~ form nu-zu
Q000366.atf:212: sentence boundary at nu:~ form nu-tuku
Q000366.atf:212: sentence boundary at nu:~ form nu-tuku
Q000366.atf:343: sentence boundary at copula du₇-du₇-dam
Q000366.atf:348: sentence boundary at copula nu-teŋ₃-ŋe₂₆-dam
Q000366.atf:352: sentence boundary at copula nu-šar₂-ra-ge-dam
Q000366.atf:380: sentence boundary at copula he₂-zu-am₃
Q000366.atf:405: sentence boundary at copula he₂-zu-am₃
Q000367.atf:153: sentence boundary at copula di-dam
Q000367.atf:161: sentence boundary at copula di-dam
Q000367.atf:173: sentence boundary at copula me-er-me-er-re-da
Q000368.atf:91: sentence boundary at nu:~ form nu-kuš₂-u₃
Q000368.atf:151: sentence boundary at nu:~ form nu-zu
Q000368.atf:155: sentence boundary at nu:~ form nu-sa-sa
Q000368.atf:255: sentence boundary at nu:~ form nu-zu
Q000368.atf:339: sentence boundary at copula ba-an-di-ni-ib-kur₉-re-eš-am₃
Q000368.atf:523: sentence boundary at nu:~ form nu-zu
Q000368.atf:571: sentence boundary at copula aŋ₂-am₃
Q000368.atf:599: sentence boundary at copula aŋ₂-am₃
Q000368.atf:611: sentence boundary at nu:~ form nu-gi₄
Q000368.atf:623: sentence boundary at copula aŋ₂-am₃
Q000368.atf:639: sentence boundary at copula aŋ₂-am₃
Q000368.atf:663: sentence boundary at copula sig₁₀-ge₅-dam
Q000368.atf:667: sentence boundary at copula dab₅-be₂-dam
Q000368.atf:1191: sentence boundary at copula he₂-me-am₃
Q000368.atf:1195: sentence boundary at copula he₂-me-am₃
Q000368.atf:1199: sentence boundary at copula he₂-me-am₃
Q000368.atf:1219: sentence boundary at nu:~ form nu-zu
Q000368.atf:1331: sentence boundary at copula nam-ba-e-de₃-gub-bu-nam
Q000368.atf:1335: sentence boundary at copula nam-ba-e-de₃-tuš-u₃-nam
Q000368.atf:1343: sentence boundary at copula nu-du-u₃-dam
Q000368.atf:1485: sentence boundary at copula he₂-me-am₃
Q000368.atf:1489: sentence boundary at copula he₂-me-am₃
Q000368.atf:1493: sentence boundary at copula he₂-me-am₃
Q000368.atf:1513: sentence boundary at nu:~ form nu-zu
Q000368.atf:1687: sentence boundary at copula dur₅-ru-am₃
Q000368.atf:1691: sentence boundary at copula huš-am₃
Q000372.atf:89: sentence boundary at copula i₃-ŋal₂-am₃
Q000372.atf:97: sentence boundary at copula nu-ak-am₃
Q000374.atf:80: sentence boundary at nu:~ form nu-ŋa₂-ŋa₂
Q000374.atf:275: sentence boundary at nu:~ form nu-ŋa₂-ŋa₂
Q000374.atf:283: sentence boundary at nu:~ form nu-ŋa₂-ŋa₂
Q000377.atf:69: sentence boundary at copula daŋal-kam
Q000377.atf:99: sentence boundary at copula mu-ni-du₈-am₃
Q000377.atf:109: sentence boundary at copula gal-gal-la-am₃
Q000377.atf:149: sentence boundary at nu:~ form nu-zu
Q000377.atf:207: sentence boundary at nu:~ form nu-tuku
Q000377.atf:257: sentence boundary at copula ba-tuku-am₃
Q000377.atf:315: sentence boundary at nu:~ form nu-du
Q000377.atf:450: sentence boundary at copula ba-tuku-am₃
Q000377.atf:505: sentence boundary at copula zid-dam
Q000377.atf:673: sentence boundary at copula me-am₃
Q000377.atf:713: sentence boundary at copula me-am₃
Q000377.atf:756: sentence boundary at copula me-am₃
Q000377.atf:884: sentence boundary at copula gal-gal-la-am₃
Q000377.atf:1048: sentence boundary at nu:~ form nu-zu\ak
Q000377.atf:1088: sentence boundary at nu:~ form nu-tuku
Q000377.atf:1253: sentence boundary at nu:~ form nu-tuku
Q000377.atf:1291: sentence boundary at nu:~ form nu-il₂
Q000377.atf:1707: sentence boundary at copula gan-na-kam
Q000377.atf:1916: sentence boundary at nu:~ form nu-tuku
Q000377.atf:2246: sentence boundary at copula du₃-dam
Q000377.atf:2448: sentence boundary at copula zid-dam
Q000377.atf:2556: sentence boundary at copula mu-na-du₁₂-am₃
Q000377.atf:2689: sentence boundary at copula bala-e-dam
Q000377.atf:2699: sentence boundary at copula erin₂-erin₂-dam
Q000377.atf:2714: sentence boundary at copula zu-am₃
Q000377.atf:2922: sentence boundary at copula la₂-am₃
Q000377.atf:2942: sentence boundary at copula guru₃-am₃
Q000377.atf:2952: sentence boundary at copula si-am₃
Q000377.atf:2972: sentence boundary at copula la₂-am₃
Q000377.atf:3032: sentence boundary at copula im-mi-ib₂-u₃-u₃-dam
Q000377.atf:3040: sentence boundary at copula ak-am₃
Q000377.atf:3045: sentence boundary at copula nud-am₃
Q000377.atf:3050: sentence boundary at copula he₂-tag-ga-am₃
Q000377.atf:3065: sentence boundary at copula tag-ga-am₃
Q000377.atf:3235: sentence boundary at nu:~ form nu-tuku
Q000377.atf:3265: sentence boundary at nu:~ form nu-tuku
Q000377.atf:3448: sentence boundary at copula šu₄-ga-am₃
Q000377.atf:3472: sentence boundary at copula dirig-ga-am₃
Q000377.atf:3482: sentence boundary at copula il₂-il₂-dam
Q000377.atf:3532: sentence boundary at copula šu₄-ga-am₃
Q000377.atf:3557: sentence boundary at copula gi₄-a-am₃
Q000377.atf:3702: sentence boundary at copula di-da-am₃
Q000377.atf:3760: sentence boundary at copula de₅-ga-am₃
Q000377.atf:3765: sentence boundary at copula huš-am₃
Q000377.atf:3973: sentence boundary at copula nud-am₃
Q000377.atf:3983: sentence boundary at copula il₂-dam
Q000377.atf:3993: sentence boundary at copula mu₂-am₃
Q000377.atf:4006: sentence boundary at copula kuš₂-kuš₂-dam
Q000377.atf:4016: sentence boundary at copula de₅-ga-am₃
Q000377.atf:4026: sentence boundary at copula nu-silig₅-ge-dam
Q000377.atf:4051: sentence boundary at copula dug₃-ga-kam
Q000377.atf:4205: sentence boundary at copula gal-am₃
Q000377.atf:4235: sentence boundary at copula zu-am₃
Q000377.atf:4411: sentence boundary at copula ba-tuku-am₃
Q000377.atf:4446: sentence boundary at copula ŋen-am₃
Q000377.atf:4482: sentence boundary at copula ak-am₃
Q000377.atf:4620: sentence boundary at copula ŋar-am₃
Q000377.atf:4677: sentence boundary at copula il₂-il₂-dam
Q000377.atf:4687: sentence boundary at copula {ŋa₂}ŋar-am₃
Q000377.atf:4707: sentence boundary at copula e₃-am₃
Q000377.atf:4717: sentence boundary at copula ŋa₂-ŋa₂-dam
Q000377.atf:4727: sentence boundary at copula {ŋa₂}ŋar-am₃
Q000377.atf:4742: sentence boundary at copula e₃-am₃
Q000377.atf:5795: sentence boundary at nu:~ form nu-il₂
Q000377.atf:5808: sentence boundary at nu:~ form nu-gi₄
Q000377.atf:6118: sentence boundary at copula mu-guru₃-am₃
Q000377.atf:6201: sentence boundary at copula nu-silig₅-ge-dam
Q000377.atf:6216: sentence boundary at copula tum₂-tum₂-am₃
Q000377.atf:6261: sentence boundary at copula mu-da-sa₂-am₃
Q000377.atf:6266: sentence boundary at copula mu-da-gub-am₃
Q000377.atf:6274: sentence boundary at copula mu-da-a-nud-am₃
Q000377.atf:6309: sentence boundary at nu:~ form nu-tuku\a
Q000379.atf:173: sentence boundary at nu:~ form nu-ul
Q000379.atf:193: sentence boundary at copula gig-ga-am₃
Q000379.atf:197: sentence boundary at copula gig-ga-am₃
Q000379.atf:205: sentence boundary at copula gig-ga-am₃
Q000379.atf:221: sentence boundary at copula gig-ga-am₃
Q000379.atf:225: sentence boundary at copula gig-ga-am₃
Q000379.atf:229: sentence boundary at copula gig-ga-am₃
Q000379.atf:233: sentence boundary at copula gig-ga-am₃
Q000379.atf:237: sentence boundary at copula gig-ga-am₃
Q000379.atf:241: sentence boundary at copula gig-ga-am₃
Q000379.atf:245: sentence boundary at copula gig-ga-am₃
Q000379.atf:249: sentence boundary at copula gig-ga-am₃
Q000379.atf:253: sentence boundary at copula gig-ga-am₃
Q000379.atf:257: sentence boundary at copula gig-ga-am₃
Q000379.atf:261: sentence boundary at copula gig-ga-am₃
Q000379.atf:265: sentence boundary at copula gig-ga-am₃
Q000379.atf:269: sentence boundary at copula gig-ga-am₃
Q000379.atf:273: sentence boundary at copula gig-ga-am₃
Q000379.atf:277: sentence boundary at copula gig-ga-am₃
Q000379.atf:281: sentence boundary at copula gig-ga-am₃
Q000379.atf:285: sentence boundary at copula gig-ga-am₃
Q000379.atf:313: sentence boundary at copula gig-ga-am₃
Q000379.atf:317: sentence boundary at copula gig-ga-am₃
Q000379.atf:333: sentence boundary at copula gig-ga-am₃
Q000379.atf:337: sentence boundary at copula gig-ga-am₃
Q000379.atf:509: sentence boundary at copula na-ma-ni-in-ŋar-re-eš-am₃
Q000379.atf:513: sentence boundary at copula ha-ma-ab-us₂-am₃
Q000379.atf:529: sentence boundary at copula ba-ra-bi₂-in-du₈-am₃
Q000379.atf:561: sentence boundary at copula ha-ma-ni-in-ŋar-re-eš-am₃
Q000379.atf:741: sentence boundary at copula nu-kur₂-ru-dam
Q000379.atf:821: sentence boundary at nu:~ form nu-ŋa₂-ŋa₂
Q000379.atf:1021: sentence boundary at nu:~ form nu-e₃
Q000379.atf:1329: sentence boundary at copula kug-ga-am₃
Q000379.atf:1389: sentence boundary at copula gig-ga-am₃
Q000379.atf:1393: sentence boundary at copula gig-ga-am₃
Q000379.atf:1413: sentence boundary at copula gig-ga-am₃
Q000379.atf:1417: sentence boundary at copula i₃-ba-kur₂-ra-am₃
Q000379.atf:1437: sentence boundary at copula gig-ga-am₃
Q000379.atf:1513: sentence boundary at nu:~ form nu-še₈-še₈
Q000379.atf:1517: sentence boundary at copula nu-tuku-am₃
Q000379.atf:1705: sentence boundary at copula mu-da-kur₂-ra-am₃
Q000379.atf:1785: sentence boundary at nu:~ form nu-zu
Q000379.atf:1785: sentence boundary at nu:~ form nu-zu
Q000379.atf:1789: sentence boundary at nu:~ form nu-zu
Q000379.atf:1789: sentence boundary at nu:~ form nu-zu
Q000379.atf:1793: sentence boundary at nu:~ form nu-zu
Q000379.atf:1793: sentence boundary at nu:~ form nu-zu
Q000379.atf:1797: sentence boundary at nu:~ form nu-zu
Q000379.atf:1797: sentence boundary at nu:~ form nu-zu
Q000381.atf:85: sentence boundary at copula ba-an-degₓ(RI)-ge-eš-am₃
Q000382.atf:256: sentence boundary at nu:~ form nu-ŋa₂-ŋa₂
Q000382.atf:292: sentence boundary at nu:~ form nu-ŋa₂-ŋa₂
Q000382.atf:443: sentence boundary at copula dul-lu-dam
Q000382.atf:451: sentence boundary at copula sud-sud-u₃-dam
Q000382.atf:455: sentence boundary at copula dar-re-dam
Q000382.atf:459: sentence boundary at copula nu-e₃-am₃
Q000382.atf:463: sentence boundary at copula ak-dam
Q000382.atf:463: sentence boundary at copula zal-le-dam
Q000382.atf:471: sentence boundary at copula bala-bala-e-dam
Q000382.atf:475: sentence boundary at copula šab-dam
Q000382.atf:631: sentence boundary at copula mu-un-lah₅-lah₅-eš-am₃
Q000382.atf:739: sentence boundary at nu:~ form nu-di
Q000382.atf:739: sentence boundary at nu:~ form nu-du₃-du₃
Q000382.atf:1138: sentence boundary at copula bi₂-du₈-am₃
Q000383.atf:65: sentence boundary at copula gal-gal-la-kam
Q000383.atf:77: sentence boundary at nu:~ form nu-zu
Q000383.atf:133: sentence boundary at copula gig-ga-am₃
Q000383.atf:214: sentence boundary at copula gig-ga-am₃
Q000383.atf:314: sentence boundary at copula tag-ga-am₃
Q000383.atf:712: sentence boundary at copula gig-ga-am₃
Q000383.atf:716: sentence boundary at copula gig-ga-am₃
Q000384.atf:145: sentence boundary at nu:~ form nu-zu
Q000386.atf:147: sentence boundary at copula tur₅-ra-am₃
Q000386.atf:151: sentence boundary at copula tur₅-ra-am₃
Q000386.atf:155: sentence boundary at copula tur₅-ra-am₃
Q000386.atf:339: sentence boundary at copula sis-am₃
Q000387.atf:59: sentence boundary at copula daŋal-la-kam
Q000388.atf:101: sentence boundary at nu:~ form nu-tuku
Q000388.atf:313: sentence boundary at nu:~ form nu-tuku
Q000389.atf:177: sentence boundary at copula ba-ab-du₇-am₃
Q000389.atf:221: sentence boundary at copula sug₄-am₃
Q000389.atf:225: sentence boundary at copula sug₄-am₃
Q000390.atf:10: sentence boundary at nu:~ form nu-tuku
Q000390.atf:18: sentence boundary at nu:~ form nu-zu
Q000391.atf:33: sentence boundary at nu:~ form nu-tuku
Q000391.atf:41: sentence boundary at nu:~ form nu-zu
Q000391.atf:57: sentence boundary at copula la₂-am₃
Q000391.atf:195: sentence boundary at copula ku₇-ku₇-dam
Q000396.atf:27: sentence boundary at copula da-ri₂-bi-im
Q000396.atf:384: sentence boundary at copula gaz-gin₇-nam
Q000396.atf:480: sentence boundary at copula kur₂-ra-am₃
Q000396.atf:524: sentence boundary at copula nu-šub-bu-dam
Q000396.atf:800: sentence boundary at copula gin₆-ne₂-dam
Q000396.atf:804: sentence boundary at copula du₃-du₃-u₃-dam
Q000396.atf:1048: sentence boundary at copula gal-am₃
Q000396.atf:1148: sentence boundary at copula sa₂-am₃
Q000396.atf:1264: sentence boundary at copula nu-kur₂-ru-dam
Q000396.atf:1268: sentence boundary at copula nu-silig-ge-dam
Q000396.atf:1312: sentence boundary at copula da-ri₂-kam
Q000396.atf:1368: sentence boundary at copula ša₅-ša₅-dam
Q000396.atf:1460: sentence boundary at copula kad₄-bi-im
Q000396.atf:1520: sentence boundary at copula gal-gal-la-kam
Q000397.atf:411: sentence boundary at copula sa₂-am₃
Q000397.atf:463: sentence boundary at copula he₂-en-ga-zu-am₃
Q000397.atf:870: sentence boundary at copula du₇-du₇-dam
Q000397.atf:956: sentence boundary at copula ma-an-ŋal₂-ŋal₂-am₃
Q000398.atf:909: sentence boundary at copula gur₃-ru-am₃
Q000398.atf:957: sentence boundary at nu:~ form nu-kuš₂-u₃
Q000399.atf:115: sentence boundary at nu:~ form nu-kuš₂
Q000399.atf:156: sentence boundary at nu:~ form nu-kuš₂-u₃
Q000399.atf:196: sentence boundary at copula dadag-ga-ŋu₁₀-um
Q000399.atf:200: sentence boundary at copula zu-ŋu₁₀-um
Q000399.atf:204: sentence boundary at copula til-til-la-ŋu₁₀-um
Q000399.atf:381: sentence boundary at nu:~ form nu-ba-ba
Q000399.atf:503: sentence boundary at nu:~ form nu-tuku
Q000399.atf:539: sentence boundary at copula šid-am₃
Q000399.atf:672: sentence boundary at nu:~ form nu-gi₄
Q000399.atf:836: sentence boundary at copula dug₄-ga-ŋa₂-kam
Q000399.atf:860: sentence boundary at nu:~ form nu-di
Q000401.atf:52: sentence boundary at copula kug-ga-am₃
Q000401.atf:60: sentence boundary at copula da-ri₂-kam
Q000401.atf:64: sentence boundary at nu:~ form nu-kur₂
Q000401.atf:164: sentence boundary at copula mah-am₃
Q000401.atf:208: sentence boundary at copula dug₃-ga-kam
Q000401.atf:208: sentence boundary at copula dadag-ga-kam
Q000401.atf:216: sentence boundary at copula zid-zid-dam
Q000401.atf:224: sentence boundary at copula sud-sud-am₃
Q000401.atf:264: sentence boundary at copula aŋ₂-am₃
Q000406.atf:431: sentence boundary at nu:~ form nu-dar-dar
Q000407.atf:65: sentence boundary at copula sikil-la-am₃
Q000407.atf:101: sentence boundary at nu:~ form nu-tuku
Q000407.atf:499: sentence boundary at copula gal-gal-la-kam
Q000409.atf:128: sentence boundary at copula mah-am₃
Q000409.atf:140: sentence boundary at nu:~ form nu-huŋ
Q000410.atf:27: sentence boundary at copula daŋal-la-kam
Q000410.atf:55: sentence boundary at copula sim-dam
Q000410.atf:296: sentence boundary at copula ŋen-am₃
Q000410.atf:341: sentence boundary at copula hul₂-la-a-am₃
Q000410.atf:373: sentence boundary at copula sug₄-am₃
Q000412.atf:55: sentence boundary at nu:~ form nu-di
Q000412.atf:99: sentence boundary at nu:~ form nu-tuku
Q000414.atf:9: sentence boundary at nu:~ form nu-kur₂-ra
Q000414.atf:77: sentence boundary at copula ŋa₂-ŋa₂-ŋa₂-dam
Q000414.atf:89: sentence boundary at nu:~ form nu-sig₁₀
Q000414.atf:141: sentence boundary at nu:~ form nu-kur₂-ra
Q000415.atf:42: sentence boundary at copula mu-ri-eš-am₃
Q000415.atf:54: sentence boundary at copula mu-ri-eš-am₃
Q000416.atf:317: sentence boundary at copula di-dam
Q000416.atf:482: sentence boundary at copula gu-la-am₃
Q000417.atf:22: sentence boundary at copula ed₂-ed₂-dam
Q000420.atf:97: sentence boundary at copula zid-bi-im
Q000420.atf:113: sentence boundary at copula zid-bi-im
Q000421.atf:133: sentence boundary at nu:~ form nu-kuš₂
Q000421.atf:168: sentence boundary at nu:~ form nu-dug₄
Q000422.atf:9: sentence boundary at copula kug-ga-am₃
Q000422.atf:9: sentence boundary at copula kug-ga-am₃
Q000422.atf:15: sentence boundary at copula kug-ga-am₃
Q000422.atf:19: sentence boundary at copula kug-ga-am₃
Q000422.atf:23: sentence boundary at copula kug-ga-am₃
Q000424.atf:49: sentence boundary at copula nu-til-le-dam
Q000425.atf:42: sentence boundary at nu:~ form nu-tuku
Q000431.atf:45: sentence boundary at copula tam-ma-ni-im
Q000431.atf:129: sentence boundary at copula mah-a-kam
Q000431.atf:133: sentence boundary at copula daŋal-la-kam
Q000431.atf:193: sentence boundary at copula nu-til-le-dam
Q000431.atf:205: sentence boundary at copula gal-bi-im
Q000431.atf:245: sentence boundary at copula sud-am₃
Q000432.atf:11: sentence boundary at nu:~ form nu-di
Q000432.atf:33: sentence boundary at copula la₂-am₃
Q000432.atf:91: sentence boundary at copula nu-di-dam
Q000432.atf:123: sentence boundary at copula mah-am₃
Q000432.atf:135: sentence boundary at copula mah-am₃
Q000433.atf:355: sentence boundary at copula kug-kug-ga-am₃
Q000434.atf:95: sentence boundary at copula šen-am₃
Q000434.atf:115: sentence boundary at copula šen-am₃
Q000435.atf:43: sentence boundary at copula nu-kur₂-ru-dam
Q000435.atf:172: sentence boundary at copula mah-am₃
Q000435.atf:200: sentence boundary at copula ed₂-dam
Q000438.atf:75: sentence boundary at nu:~ form nu-ŋa₂-ŋa₂
Q000438.atf:115: sentence boundary at nu:~ form nu-ŋa₂-ŋa₂
Q000440.atf:25: sentence boundary at copula gal-la-am₃
Q000444.atf:79: sentence boundary at nu:~ form nu-zu
Q000447.atf:65: sentence boundary at copula zu-am₃
Q000448.atf:85: sentence boundary at nu:~ form nu-tak₄-tak₄
Q000449.atf:206: sentence boundary at copula ŋal₂-la-ni-im
Q000449.atf:214: sentence boundary at copula ŋal₂-la-ni-im
Q000449.atf:298: sentence boundary at nu:~ form nu-e₃
Q000449.atf:302: sentence boundary at nu:~ form nu-e₃
Q000450.atf:45: sentence boundary at nu:~ form nu-tuku
Q000450.atf:109: sentence boundary at copula gal-bi-im
Q000450.atf:145: sentence boundary at nu:~ form nu-te-en-te-en
Q000450.atf:149: sentence boundary at nu:~ form nu-ŋa₂-ŋa₂
Q000450.atf:165: sentence boundary at nu:~ form nu-gi₄
Q000450.atf:265: sentence boundary at nu:~ form nu-di
Q000450.atf:281: sentence boundary at nu:~ form nu-ŋal₂
Q000450.atf:329: sentence boundary at nu:~ form nu-di
Q000451.atf:37: sentence boundary at nu:~ form nu-zu
Q000451.atf:45: sentence boundary at nu:~ form nu-di
Q000451.atf:77: sentence boundary at nu:~ form nu-kuš₂-u₃
Q000451.atf:153: sentence boundary at nu:~ form nu-zu
Q000451.atf:157: sentence boundary at copula sag₃-sag₃-ge₂-dam
Q000451.atf:389: sentence boundary at nu:~ form nu-di
Q000451.atf:393: sentence boundary at nu:~ form nu-ŋa₂-ŋa₂
Q000451.atf:397: sentence boundary at nu:~ form nu-ak
Q000451.atf:397: sentence boundary at nu:~ form nu-di
Q000451.atf:521: sentence boundary at copula gur-ru-dam
Q000451.atf:681: sentence boundary at nu:~ form nu-ša-ra-ge
Q000451.atf:725: sentence boundary at nu:~ form nu-kuš₂-u₃
Q000452.atf:143: sentence boundary at copula šum₂-mu-dam
Q000453.atf:31: sentence boundary at copula kar₂-kar₂-dam
Q000453.atf:35: sentence boundary at copula kar₂-kar₂-bi-im
Q000453.atf:51: sentence boundary at copula du₇-am₃
Q000454.atf:57: sentence boundary at copula nu-teŋ₃-ŋe₂₆-dam
Q000458.atf:51: sentence boundary at copula nu-kam₃-me-dam
Q000458.atf:67: sentence boundary at copula mah-am₃
Q000458.atf:71: sentence boundary at copula kug-kug-ga-am₃
Q000458.atf:75: sentence boundary at copula kad₄-am₃
Q000458.atf:75: sentence boundary at copula nu-zu-am₃
Q000458.atf:119: sentence boundary at copula ŋen-am₃
Q000459.atf:63: sentence boundary at nu:~ form nu-e₃
Q000459.atf:190: sentence boundary at copula la₂-am₃
Q000460.atf:17: sentence boundary at copula um-du-u₃-nam
Q000460.atf:85: sentence boundary at copula šu-mu-ba-ra-ge-nam
Q000463.atf:214: sentence boundary at copula na-an-na
Q000465.atf:35: sentence boundary at nu:~ form nu-tuku
Q000465.atf:91: sentence boundary at nu:~ form nu-sa₂
Q000465.atf:462: sentence boundary at nu:~ form nu-gi₄
Q000469.atf:81: sentence boundary at nu:~ form nu-kuš₂-u₃
Q000472.atf:69: sentence boundary at copula mah-am₃
Q000473.atf:85: sentence boundary at copula zid-bi-im
Q000476.atf:50: sentence boundary at copula ri-am₃
Q000476.atf:86: sentence boundary at copula tar-re-dam
Q000480.atf:30: sentence boundary at nu:~ form nu-dib₂
Q000480.atf:38: sentence boundary at nu:~ form nu-dib₂
Q000480.atf:50: sentence boundary at copula dib₂-am₃
Q000483.atf:39: sentence boundary at nu:~ form nu-zu
Q000490.atf:11: sentence boundary at nu:~ form nu-sa₂
Q000490.atf:83: sentence boundary at copula mah-am₃
Q000492.atf:23: sentence boundary at nu:~ form nu-tuku
Q000492.atf:111: sentence boundary at copula tuku-zu-um
Q000492.atf:263: sentence boundary at nu:~ form nu-di
Q000492.atf:267: sentence boundary at nu:~ form nu-di
Q000493.atf:23: sentence boundary at copula nu-kur₂-ru-dam
Q000493.atf:43: sentence boundary at copula gal-gal-am₃
Q000497.atf:11: sentence boundary at nu:~ form nu-sa₂
Q000497.atf:31: sentence boundary at nu:~ form nu-e₃
Q000497.atf:43: sentence boundary at nu:~ form nu-di
Q000498.atf:21: sentence boundary at nu:~ form nu-di
Q000506.atf:25: sentence boundary at nu:~ form nu-tuku
Q000506.atf:126: sentence boundary at nu:~ form nu-sa₂
Q000507.atf:89: sentence boundary at nu:~ form nu-ru-gu₂
Q000507.atf:103: sentence boundary at nu:~ form nu-tuku
Q000507.atf:107: sentence boundary at copula e-da-sa₂-am₃
Q000507.atf:149: sentence boundary at nu:~ form nu-zu
Q000508.atf:77: sentence boundary at copula dili-am₃
Q000508.atf:93: sentence boundary at copula sug₄-gin₇-nam
Q000509.atf:147: sentence boundary at nu:~ form nu-tuku
Q000511.atf:203: sentence boundary at copula kur₉-ra-kam
Q000512.atf:121: sentence boundary at nu:~ form nu-di
Q000517.atf:17: sentence boundary at nu:~ form nu-tuku
Q000517.atf:125: sentence boundary at nu:~ form nu-di
Q000517.atf:161: sentence boundary at copula gu-ul-la-am₃
Q000521.atf:86: sentence boundary at nu:~ form nu-tuku
Q000524.atf:41: sentence boundary at copula ku₇-ku₇-dam
Q000524.atf:45: sentence boundary at copula kar₂-kam
Q000529.atf:67: sentence boundary at nu:~ form nu-ug-ru
Q000532.atf:35: sentence boundary at copula he₂-em-mi-la₂-am₃
Q000534.atf:21: sentence boundary at copula he₂-ri-ib-sud-dam
Q000534.atf:89: sentence boundary at copula gu₇-am₃
Q000543.atf:37: sentence boundary at nu:~ form nu-ŋal₂
Q000550.atf:77: sentence boundary at nu:~ form nu-tuku
Q000558.atf:73: sentence boundary at nu:~ form nu-tuku
Q000583.atf:49: sentence boundary at nu:~ form nu-gi₄
Q000592.atf:17: sentence boundary at nu:~ form nu-tuku
Q000592.atf:25: sentence boundary at nu:~ form nu-zu
Q000593.atf:21: sentence boundary at nu:~ form nu-tuku
Q000593.atf:25: sentence boundary at nu:~ form nu-zu
Q000593.atf:81: sentence boundary at nu:~ form nu-keše₂-da
Q000599.atf:39: sentence boundary at nu:~ form nu-zu
Q000615.atf:74: sentence boundary at nu:~ form nu-zu-zu
Q000616.atf:57: sentence boundary at nu:~ form nu-sag₉
Q000616.atf:109: sentence boundary at nu:~ form nu-sag₉
Q000616.atf:125: sentence boundary at copula šub-bu-dam
Q000616.atf:141: sentence boundary at copula mu-ri-ib-du₈-am₃
Q000618.atf:36: sentence boundary at nu:~ form nu-di
Q000619.atf:9: sentence boundary at copula kug-ga-am₃
Q000621.atf:24: sentence boundary at copula mah-am₃
Q000621.atf:52: sentence boundary at copula mah-am₃
Q000621.atf:76: sentence boundary at copula sikil-am₃
Q000621.atf:84: sentence boundary at copula ša-mu-na-du₁₂-am₃
Q000621.atf:160: sentence boundary at copula mah-am₃
Q000623.atf:135: sentence boundary at nu:~ form nu-kuš₂-u₃
Q000624.atf:31: sentence boundary at nu:~ form nu-zu-zu
Q000624.atf:31: sentence boundary at nu:~ form nu-la₂
Q000624.atf:35: sentence boundary at nu:~ form nu-zu
Q000624.atf:87: sentence boundary at nu:~ form nu-kuš₂-u₃
Q000624.atf:99: sentence boundary at nu:~ form nu-zu
Q000624.atf:123: sentence boundary at nu:~ form nu-ru-gu₂
Q000624.atf:227: sentence boundary at nu:~ form nu-tak₄-tak₄
Q000624.atf:235: sentence boundary at nu:~ form nu-zi-zi
Q000624.atf:267: sentence boundary at nu:~ form nu-tak₄-tak₄
Q000624.atf:271: sentence boundary at nu:~ form nu-e₃
Q000624.atf:275: sentence boundary at nu:~ form nu-sa₂
Q000624.atf:287: sentence boundary at nu:~ form nu-zu
Q000624.atf:303: sentence boundary at nu:~ form nu-tuku
Q000624.atf:347: sentence boundary at nu:~ form nu-e₃
Q000624.atf:375: sentence boundary at nu:~ form nu-zu
Q000624.atf:419: sentence boundary at copula huš-am₃
Q000624.atf:463: sentence boundary at nu:~ form nu-še
Q000626.atf:43: sentence boundary at copula mu-un-dirig-dam
Q000626.atf:51: sentence boundary at copula mu-un-dirig-dam
Q000626.atf:211: sentence boundary at copula aŋ₂-bi-im
Q000628.atf:149: sentence boundary at nu:~ form nu-ŋal₂
Q000628.atf:173: sentence boundary at nu:~ form nu-ŋal₂
Q000628.atf:193: sentence boundary at nu:~ form nu-ŋal₂
Q000628.atf:245: sentence boundary at copula teŋ₃-e-am₃
Q000628.atf:249: sentence boundary at copula teŋ₃-am₃
Q000628.atf:253: sentence boundary at copula teŋ₃-am₃
Q000628.atf:257: sentence boundary at copula teŋ₃-am₃
Q000631.atf:178: sentence boundary at copula gub-gub-dam
Q000633.atf:61: sentence boundary at copula mu-un-til₃-le-nam
Q000634.atf:107: sentence boundary at copula ma-ra-ni-in-du₇-am₃
Q000635.atf:25: sentence boundary at copula ku₇-ku₇-dam
Q000639.atf:202: sentence boundary at copula ku₇-ku₇-dam
Q000639.atf:210: sentence boundary at copula ku₇-ku₇-dam
Q000647.atf:11: sentence boundary at copula kug-ga-a-am₃
Q000647.atf:87: sentence boundary at copula tag-ga-am₃
Q000653.atf:122: sentence boundary at nu:~ form nu-zu
Q000659.atf:370: sentence boundary at copula šen-am₃
Q000660.atf:61: sentence boundary at copula kar₂-kar₂-dam
Q000660.atf:65: sentence boundary at copula zi-zi-i-dam
Q000661.atf:198: sentence boundary at copula na-an-na
Q000664.atf:41: sentence boundary at copula ša-mu-ra-an-du₁₂-am₃
Q000664.atf:61: sentence boundary at copula ša₄-am₃
Q000664.atf:141: sentence boundary at copula zid-dam
Q000668.atf:61: sentence boundary at copula gal-la-am₃
Q000668.atf:85: sentence boundary at nu:~ form nu-gi₄-gi₄
Q000668.atf:101: sentence boundary at copula mah-am₃
Q000668.atf:161: sentence boundary at copula mu₂-am₃
Q000669.atf:47: sentence boundary at nu:~ form nu-ša₄
Q000670.atf:19: sentence boundary at copula duru₅-am₃
Q000670.atf:191: sentence boundary at copula kug-ga-am₃
Q000670.atf:239: sentence boundary at copula kug-ga-am₃
Q000672.atf:216: sentence boundary at copula nu-ak-dam
Q000672.atf:228: sentence boundary at copula ku₄-ku₄-dam
Q000672.atf:228: sentence boundary at copula di-dam
Q000672.atf:232: sentence boundary at copula ŋa₂-ŋa₂-dam
Q000672.atf:236: sentence boundary at copula sa₂-e-dam
Q000673.atf:9: sentence boundary at copula dar-re-dam
Q000673.atf:15: sentence boundary at copula dar-re-dam
Q000673.atf:19: sentence boundary at copula dur₅-ru-am₃
Q000674.atf:249: sentence boundary at copula mah-am₃
Q000677.atf:25: sentence boundary at copula nu-mu-ni-tuku-am₃
Q000677.atf:29: sentence boundary at copula mah-am₃
Q000677.atf:29: sentence boundary at copula šum₂-ma-a-am₃
Q000677.atf:33: sentence boundary at nu:~ form nu-di
Q000683.atf:53: sentence boundary at copula kug-ga-am
Q000683.atf:69: sentence boundary at copula kug-ga-am
Q000684.atf:88: sentence boundary at copula kug-ga-am₃
Q000684.atf:104: sentence boundary at copula kug-ga-am₃
Q000684.atf:213: sentence boundary at copula ŋa₂-ŋa₂-dam
Q000691.atf:36: sentence boundary at copula mu-na-an-du₁₂-am₃
Q000691.atf:84: sentence boundary at copula ša-mu-na-ab-ŋir₂-ŋir₂-re-dam
Q000694.atf:153: sentence boundary at copula sug₂-sug₂-ge-eš-am₃
Q000699.atf:29: sentence boundary at copula mah-am₃
Q000699.atf:94: sentence boundary at copula bala-bala-am₃
Q000708.atf:97: sentence boundary at copula gig₂-ga-kam
Q000708.atf:269: sentence boundary at copula nu-ŋal₂-la-am₃
Q000708.atf:273: sentence boundary at copula nu-ŋal₂-la-am₃
Q000708.atf:513: sentence boundary at copula huš-am₃
Q000711.atf:128: sentence boundary at nu:~ form nu-ŋar
Q000714.atf:79: sentence boundary at copula sa₂-sa₂-am₃
Q000714.atf:87: sentence boundary at copula sa₂-sa₂-am₃
Q000714.atf:111: sentence boundary at copula zi-zi-dam
Q000714.atf:111: sentence boundary at copula ŋa₂-ŋa₂-dam
Q000714.atf:119: sentence boundary at copula zi-zi-dam
Q000714.atf:119: sentence boundary at copula ŋa₂-ŋa₂-dam
Q000714.atf:171: sentence boundary at copula di-dam
Q000714.atf:175: sentence boundary at copula mi-ni-in-si-sa₂-am₃
Q000714.atf:179: sentence boundary at copula di-dam
Q000714.atf:183: sentence boundary at copula mi-ni-in-si-sa₂-am₃
Q000715.atf:104: sentence boundary at copula mah-am₃
Q000720.atf:43: sentence boundary at copula gibil-am₃
Q000720.atf:59: sentence boundary at copula e₃-am₃
Q000721.atf:160: sentence boundary at copula ed₂-dam
Q000721.atf:184: sentence boundary at copula dim₂-ma-bi-im
Q000721.atf:233: sentence boundary at copula nu-kur₂-ru-dam
Q000721.atf:354: sentence boundary at copula mah-am₃
Q000721.atf:354: sentence boundary at copula mah-am₃
Q000721.atf:358: sentence boundary at copula mah-am₃
Q000721.atf:358: sentence boundary at copula mah-am₃
Q000721.atf:362: sentence boundary at copula mah-am₃
Q000721.atf:366: sentence boundary at copula mah-am₃
Q000721.atf:370: sentence boundary at copula mah-am₃
Q000721.atf:374: sentence boundary at copula mah-am₃
Q000722.atf:175: sentence boundary at nu:~ form nu-tuku
Q000722.atf:179: sentence boundary at nu:~ form nu-tuku
Q000722.atf:207: sentence boundary at nu:~ form nu-e₃
Q000722.atf:211: sentence boundary at nu:~ form nu-e₃
Q000722.atf:219: sentence boundary at nu:~ form nu-il₂
Q000723.atf:114: sentence boundary at copula di-dam
Q000726.atf:314: sentence boundary at copula mah-am₃
Q000726.atf:346: sentence boundary at copula mah-am₃
Q000736.atf:23: sentence boundary at nu:~ form nu-zu
Q000736.atf:35: sentence boundary at nu:~ form nu-e₃
Q000736.atf:43: sentence boundary at nu:~ form nu-zu
Q000736.atf:71: sentence boundary at copula ša-an-ša₅-ša₅-dam
Q000736.atf:75: sentence boundary at copula nu-ŋa₂-ŋa₂-dam
Q000736.atf:103: sentence boundary at copula ur₃-ur₃-ru-dam
Q000741.atf:117: sentence boundary at nu:~ form nu-tuku
Q000741.atf:137: sentence boundary at nu:~ form nu-tuku
Q000741.atf:137: sentence boundary at nu:~ form nu-tuku
Q000743.atf:53: sentence boundary at copula gun₃-am₃
Q000748.atf:31: sentence boundary at copula gur₃-ru-am₃
Q000750.atf:39: sentence boundary at copula sa₂-am₃
Q000750.atf:51: sentence boundary at nu:~ form nu-di
Q000750.atf:379: sentence boundary at nu:~ form nu-e₃
Q000750.atf:499: sentence boundary at copula dili-am₃
Q000750.atf:559: sentence boundary at nu:~ form nu-gi₄
Q000750.atf:767: sentence boundary at nu:~ form nu-ed₃
Q000750.atf:1003: sentence boundary at copula nu-di-dam
Q000750.atf:1007: sentence boundary at copula nu-silig-ge-dam
Q000750.atf:1019: sentence boundary at copula du₈-du₈-am₃
Q000750.atf:1043: sentence boundary at nu:~ form nu-tuku
Q000750.atf:1503: sentence boundary at copula u₁₈-ru-am₃
Q000750.atf:1503: sentence boundary at copula kad₅-am₃
Q000750.atf:1523: sentence boundary at copula du₈-du₈-am₃
Q000750.atf:1724: sentence boundary at nu:~ form nu-e₃
Q000750.atf:1748: sentence boundary at nu:~ form nu-e₃
Q000750.atf:1752: sentence boundary at nu:~ form nu-sa₂
Q000750.atf:1776: sentence boundary at nu:~ form nu-di
Q000752.atf:27: sentence boundary at nu:~ form nu-zu
Q000752.atf:51: sentence boundary at nu:~ form nu-kud
Q000756.atf:17: sentence boundary at copula i₃-tuku-am₃
Q000756.atf:61: sentence boundary at copula aŋ₂-ŋa₂-kam
Q000756.atf:105: sentence boundary at nu:~ form nu-tuku
Q000756.atf:133: sentence boundary at nu:~ form nu-zu
Q000756.atf:171: sentence boundary at copula he₂-eb-us₂-u₃-nam
Q000756.atf:191: sentence boundary at copula ba-ra-bi₂-ku-am₃
Q000756.atf:215: sentence boundary at nu:~ form nu-di
Q000756.atf:215: sentence boundary at copula e-ra-da-tuš-u₃-nam
Q000756.atf:269: sentence boundary at copula ba-tuš-u₃-nam
Q000760.atf:195: sentence boundary at copula gur₃-ru-am₃
Q000760.atf:403: sentence boundary at copula dili-am₃
Q000760.atf:447: sentence boundary at nu:~ form nu-dug₃
Q000760.atf:451: sentence boundary at copula mah-am₃
Q000761.atf:55: sentence boundary at copula nu-ŋal₂-la-am₃
Q000761.atf:59: sentence boundary at copula nu-ŋal₂-la-am₃
Q000761.atf:63: sentence boundary at copula nu-ŋal₂-la-am₃
Q000761.atf:67: sentence boundary at copula nu-ŋal₂-la-am₃
Q000761.atf:71: sentence boundary at copula nu-ŋal₂-la-am₃
Q000761.atf:75: sentence boundary at nu:~ form nu-il₂
Q000761.atf:115: sentence boundary at copula mu-un-se₁₂-eš-am₃
Q000761.atf:171: sentence boundary at copula kug-ga-ne-ne-a-am₃
Q000761.atf:207: sentence boundary at copula gur₃-ru-am₃
Q000761.atf:447: sentence boundary at copula tu₅-am₃
Q000761.atf:676: sentence boundary at nu:~ form nu-ŋal₂
Q000762.atf:578: sentence boundary at nu:~ form nu-ze₂
Q000762.atf:607: sentence boundary at nu:~ form nu-kuš₂-u₃
Q000762.atf:703: sentence boundary at nu:~ form nu-zu
Q000762.atf:715: sentence boundary at copula bala-a-kam
Q000762.atf:948: sentence boundary at nu:~ form nu-zu
Q000762.atf:1040: sentence boundary at nu:~ form nu-du₇
Q000762.atf:1092: sentence boundary at nu:~ form nu-zu
Q000762.atf:1116: sentence boundary at copula mah-am₃
Q000762.atf:1120: sentence boundary at copula nu-kur₂-ru-dam
Q000762.atf:1152: sentence boundary at copula kad₄-dam
Q000762.atf:1156: sentence boundary at copula nu-kur₂-ru-dam
Q000764.atf:123: sentence boundary at nu:~ form nu-ŋal₂
Q000764.atf:147: sentence boundary at nu:~ form nu-ŋa₂-ŋa₂
Q000764.atf:159: sentence boundary at nu:~ form nu-zu
Q000765.atf:45: sentence boundary at copula zid-da-zu-um
Q000765.atf:49: sentence boundary at copula gub-ba-a-zu-um
Q000765.atf:223: sentence boundary at nu:~ form nu-ŋa₂-ŋa₂
Q000765.atf:267: sentence boundary at nu:~ form nu-du₇
Q000765.atf:271: sentence boundary at nu:~ form nu-du₇
Q000765.atf:283: sentence boundary at nu:~ form nu-ten-ten
Q000765.atf:311: sentence boundary at nu:~ form nu-dag
Q000765.atf:409: sentence boundary at nu:~ form nu-hul
Q000765.atf:469: sentence boundary at nu:~ form nu-tuku
Q000765.atf:473: sentence boundary at nu:~ form nu-il₂
Q000765.atf:477: sentence boundary at nu:~ form nu-tuku
Q000765.atf:477: sentence boundary at nu:~ form nu-e₃
Q000765.atf:583: sentence boundary at copula nu-ŋal₂-la-am₃
Q000765.atf:599: sentence boundary at nu:~ form nu-bad
Q000765.atf:607: sentence boundary at nu:~ form nu-bad
Q000765.atf:779: sentence boundary at nu:~ form nu-tum₂
Q000765.atf:1329: sentence boundary at nu:~ form nu-taka₄
Q000773.atf:21: sentence boundary at nu:~ form nu-sag₉
Q000773.atf:33: sentence boundary at nu:~ form nu-tuku
Q000773.atf:37: sentence boundary at nu:~ form nu-zu
Q000773.atf:61: sentence boundary at nu:~ form nu-tuku
Q000773.atf:69: sentence boundary at copula tar-re-a
Q000773.atf:77: sentence boundary at nu:~ form nu-ŋal₂
Q000774.atf:15: sentence boundary at nu:~ form nu-zu
Q000774.atf:19: sentence boundary at nu:~ form nu-sag₉
Q000775.atf:21: sentence boundary at copula mud-am₃
Q000776.atf:41: sentence boundary at nu:~ form nu-gu₇
Q000777.atf:69: sentence boundary at nu:~ form nu-ŋa₂-ŋa₂
Q000777.atf:157: sentence boundary at nu:~ form nu-dirig
Q000777.atf:189: sentence boundary at nu:~ form nu-tuku-tuku
Q000777.atf:269: sentence boundary at copula gig-ga-am₃
Q000779.atf:62: sentence boundary at copula ha-ma-ni-in-de₂-am₃
Q000779.atf:235: sentence boundary at copula an-tuku-am₃
Q000779.atf:239: sentence boundary at copula an-tuku-am₃
Q000781.atf:89: sentence boundary at copula ku₇-ku₇-dam
Q000784.atf:23: sentence boundary at nu:~ form nu-il₂
Q000785.atf:29: sentence boundary at copula bi₂-tuku-un-da-nam
Q000785.atf:81: sentence boundary at copula i₃-ak-en-de₃-nam
Q000785.atf:89: sentence boundary at copula bi₂-tuku-un-da-nam
Q000785.atf:187: sentence boundary at copula an-da-tuš-am₃
Q000788.atf:197: sentence boundary at copula ba-ŋu₁₀-um
Q000788.atf:253: sentence boundary at copula nu-gul-lu-dam
Q000788.atf:406: sentence boundary at nu:~ form nu-tuku
Q000788.atf:406: sentence boundary at nu:~ form nu-tu-ud
Q000788.atf:410: sentence boundary at nu:~ form nu-tuku
Q000788.atf:410: sentence boundary at copula nu-ŋal₂-la-am₃
Q000788.atf:426: sentence boundary at nu:~ form nu-sikil
Q000788.atf:470: sentence boundary at copula ba-an-tuku-am₃
Q000789.atf:55: sentence boundary at copula niŋin₂-na-kam
Q000790.atf:29: sentence boundary at copula i₃-gub-bu-nam
Q000792.atf:37: sentence boundary at copula nu-tuku-am₃
Q000793.atf:308: sentence boundary at nu:~ form nu-ŋa₂-ŋa₂
Q000793.atf:332: sentence boundary at nu:~ form nu-ŋa₂-ŋa₂
Q000793.atf:360: sentence boundary at nu:~ form nu-gu₇
Q000795.atf:135: sentence boundary at copula tur-ra-kam
Q000795.atf:185: sentence boundary at copula nu-pad₃-de₃-dam
Q000798.atf:21: sentence boundary at copula i₃-kal-kal-am₃
Q000798.atf:29: sentence boundary at copula im-du-a-kam
Q000798.atf:93: sentence boundary at copula si-am₃
Q000798.atf:298: sentence boundary at nu:~ form nu-zu
Q000798.atf:347: sentence boundary at copula ki-in-na-kam
Q000799.atf:19: sentence boundary at nu:~ form nu-ŋal₂
Q000799.atf:42: sentence boundary at nu:~ form nu-ŋal₂
Q000800.atf:165: sentence boundary at nu:~ form nu-su-su
Q000800.atf:247: sentence boundary at nu:~ form nu-ŋal₂
Q000800.atf:273: sentence boundary at nu:~ form nu-gu₇
Q000800.atf:315: sentence boundary at copula bala-bala-am₃
Q000800.atf:702: sentence boundary at nu:~ form nu-gu₇
Q000800.atf:755: sentence boundary at copula du₃-du₃-am₃
Q000800.atf:785: sentence boundary at nu:~ form nu-ri
Q000800.atf:791: sentence boundary at nu:~ form nu-ri
Q000801.atf:30: sentence boundary at copula i₃-re₇-eš-am₃
Q000801.atf:64: sentence boundary at copula sug₄-am₃
Q000801.atf:203: sentence boundary at nu:~ form nu-la₂
Q000802.atf:13: sentence boundary at nu:~ form nu-sag₉
Q000802.atf:23: sentence boundary at nu:~ form nu-zid
Q000802.atf:97: sentence boundary at nu:~ form nu-zu
Q000802.atf:105: sentence boundary at nu:~ form nu-di
Q000802.atf:123: sentence boundary at nu:~ form nu-ŋa₂-ŋa₂
Q000802.atf:167: sentence boundary at copula gam-am₃
Q000802.atf:173: sentence boundary at copula gam-am₃
Q000802.atf:678: sentence boundary at nu:~ form nu-sag₉
Q000803.atf:11: sentence boundary at nu:~ form nu-sag₉
Q000803.atf:21: sentence boundary at nu:~ form nu-zid
Q000803.atf:31: sentence boundary at copula dim₄-am₃
Q000804.atf:225: sentence boundary at nu:~ form nu-zu
Q000804.atf:225: sentence boundary at nu:~ form nu-ŋa₂-ŋa₂
Q000804.atf:412: sentence boundary at copula gal-la-am₃
Q000804.atf:416: sentence boundary at copula gal-la-am₃
Q000804.atf:456: sentence boundary at copula gam-e-dam
Q000804.atf:495: sentence boundary at copula he₂-am₃-me-am₃
Q000804.atf:521: sentence boundary at nu:~ form nu-du₈
Q000804.atf:529: sentence boundary at nu:~ form nu-zu
Q000804.atf:756: sentence boundary at nu:~ form nu-zu
Q000804.atf:770: sentence boundary at copula du₃-du₃-u₃-dam
Q000804.atf:780: sentence boundary at copula gul-gul-lu-dam
Q000808.atf:100: sentence boundary at copula in-ga-hul₂-a-kam
Q000808.atf:185: sentence boundary at copula al-šeŋ₃-am₃
Q000808.atf:272: sentence boundary at nu:~ form nu-zu
Q000808.atf:282: sentence boundary at copula kur₂-ra-am₃
Q000808.atf:370: sentence boundary at nu:~ form nu-gul
Q000808.atf:461: sentence boundary at copula gig-ga-kam
Q000809.atf:124: sentence boundary at copula mu-un-na-bir-am₃
Q000809.atf:152: sentence boundary at nu:~ form nu-il₂
Q000809.atf:152: sentence boundary at nu:~ form nu-il₂
Q000809.atf:152: sentence boundary at nu:~ form nu-il₂
Q000809.atf:188: sentence boundary at copula ga-ŋen-am₃
Q000809.atf:265: sentence boundary at copula nu-šeŋ₃-am₃
Q000809.atf:271: sentence boundary at nu:~ form nu-du₈
Q000809.atf:275: sentence boundary at nu:~ form nu-si-si
Q000809.atf:306: sentence boundary at copula da-ri₂-kam
Q000809.atf:433: sentence boundary at nu:~ form nu-sag₉
Q000810.atf:163: sentence boundary at copula ak-am₃
Q000811.atf:50: sentence boundary at copula da-ri₂-kam
Q000812.atf:97: sentence boundary at copula gam-am₃
Q000812.atf:103: sentence boundary at copula gam-am₃
Q000814.atf:204: sentence boundary at copula dur₅-ru-am₃
Q000814.atf:204: sentence boundary at nu:~ form nu-tak₄-tak₄
Q000814.atf:529: sentence boundary at copula nu-šeŋ₃-am₃
Q000814.atf:543: sentence boundary at nu:~ form nu-si-si
Q000814.atf:610: sentence boundary at nu:~ form nu-il₂
Q000814.atf:1026: sentence boundary at copula kug-ga-kam
Q000815.atf:52: sentence boundary at copula nu-me-am₃
Q000815.atf:123: sentence boundary at nu:~ form nu-il₂
Q000815.atf:123: sentence boundary at nu:~ form nu-il₂
Q000816.atf:26: sentence boundary at copula sag₉-ga-aš-am₃
Q000816.atf:48: sentence boundary at copula gam-am₃
Q000816.atf:54: sentence boundary at copula gam-am₃
Q000817.atf:21: sentence boundary at nu:~ form nu-si-sa₂
Q000817.atf:67: sentence boundary at nu:~ form nu-til₃
Q000817.atf:95: sentence boundary at nu:~ form nu-til₃
Q000817.atf:183: sentence boundary at nu:~ form nu-tak₄-tak₄
Q000817.atf:183: sentence boundary at nu:~ form nu-tak₄-tak₄
Q000817.atf:189: sentence boundary at nu:~ form nu-tak₄-tak₄
Q000817.atf:197: sentence boundary at nu:~ form nu-si-si
Q000818.atf:22: sentence boundary at copula gam-e-dam
Q000818.atf:38: sentence boundary at copula nu-silig-ge-dam
Q000818.atf:84: sentence boundary at nu:~ form nu-zu
Q000818.atf:102: sentence boundary at copula di-dam
Q000818.atf:126: sentence boundary at copula al-du₈-am₃
Q000818.atf:183: sentence boundary at nu:~ form nu-dib₂
Q000818.atf:191: sentence boundary at nu:~ form nu-zu
Q000818.atf:282: sentence boundary at copula {tu₂}ba-ab-tum₂-tum₂-am₃
Q000818.atf:411: sentence boundary at nu:~ form nu-ur₁₁-ru
Q000818.atf:425: sentence boundary at nu:~ form nu-ŋa₂-ŋa₂
Q000818.atf:531: sentence boundary at nu:~ form nu-du₈
Q000819.atf:83: sentence boundary at copula tur₅-ra-am₃
Q000819.atf:89: sentence boundary at copula tur₅-ra-am₃
Q000819.atf:107: sentence boundary at copula i₃-gu₄-ud-gu₄-ud-dam
Q000820.atf:31: sentence boundary at nu:~ form nu-zu
Q000820.atf:61: sentence boundary at copula ba-nim-am₃
Q000820.atf:75: sentence boundary at nu:~ form nu-dib₂
Q000820.atf:93: sentence boundary at nu:~ form nu-tum₃
Q000820.atf:97: sentence boundary at nu:~ form nu-de₂
Q000820.atf:168: sentence boundary at nu:~ form nu-tuku
Q000820.atf:236: sentence boundary at nu:~ form nu-ŋal₂
Q000820.atf:242: sentence boundary at nu:~ form nu-ŋal₂
Q000821.atf:94: sentence boundary at nu:~ form nu-til
Q000821.atf:139: sentence boundary at nu:~ form nu-ŋa₂-ŋa₂
Q000821.atf:215: sentence boundary at copula la₂-am₃
Q000821.atf:355: sentence boundary at nu:~ form nu-us₂
Q000822.atf:77: sentence boundary at nu:~ form nu-zu
Q000822.atf:229: sentence boundary at nu:~ form nu-zu
Q000822.atf:229: sentence boundary at nu:~ form nu-su
Q000822.atf:289: sentence boundary at nu:~ form nu-tuku
Q000822.atf:337: sentence boundary at copula kud-am₃
Q000822.atf:337: sentence boundary at copula la₂-am₃
Q000823.atf:21: sentence boundary at nu:~ form nu-še-ba
Q000823.atf:217: sentence boundary at copula gig-ga-am₃
Q000823.atf:311: sentence boundary at nu:~ form nu-zu
Q000823.atf:371: sentence boundary at copula dili-am₃
Q000823.atf:385: sentence boundary at copula dili-am₃
Q000823.atf:391: sentence boundary at copula ša₄-am₃
Q000823.atf:525: sentence boundary at nu:~ form nu-tak₄-tak₄
Q000823.atf:531: sentence boundary at nu:~ form nu-tak₄-tak₄
Q000823.atf:535: sentence boundary at nu:~ form nu-tak₄-tak₄
Q000823.atf:805: sentence boundary at copula ba-am₃
Q000823.atf:813: sentence boundary at nu:~ form nu-zu
Q000823.atf:859: sentence boundary at copula lu-lu-am₃
Q000823.atf:919: sentence boundary at copula nu-ub-zu-am₃
Q000823.atf:1023: sentence boundary at copula al-du-na-am₃
Q000823.atf:1089: sentence boundary at copula gal-la-kam
Q000823.atf:1137: sentence boundary at nu:~ form nu-tur-tur
Q000823.atf:1141: sentence boundary at nu:~ form nu-kuš₂-u₃
Q000823.atf:1213: sentence boundary at copula nu-ub-zu-am₃
Q000823.atf:1542: sentence boundary at nu:~ form nu-tuku
Q000823.atf:1718: sentence boundary at nu:~ form nu-zu
Q000823.atf:1730: sentence boundary at nu:~ form nu-tuku
Q000823.atf:1738: sentence boundary at nu:~ form nu-tuku
Q000823.atf:1742: sentence boundary at copula nu-ŋal₂-la-am₃
Q000823.atf:1852: sentence boundary at copula teŋ₃-ŋe₂₆-dam
Q000823.atf:1872: sentence boundary at copula dugud-de-dam
Q000823.atf:1878: sentence boundary at copula ak-dam
Q000823.atf:2098: sentence boundary at nu:~ form nu-tuku
Q000823.atf:2228: sentence boundary at copula šuš₂-am₃
Q000823.atf:2356: sentence boundary at copula in-tuku-am₃
Q000823.atf:2368: sentence boundary at nu:~ form nu-ŋa₂-ŋa₂
Q000823.atf:2372: sentence boundary at nu:~ form nu-naŋ
Q000823.atf:2580: sentence boundary at copula nu-sud-sud-dam
Q000823.atf:2872: sentence boundary at nu:~ form nu-tuku-tuku
Q000824.atf:81: sentence boundary at copula šeŋ₁₄-ŋa₂-kam
Q000825.atf:76: sentence boundary at nu:~ form nu-sag₉
Q000825.atf:138: sentence boundary at nu:~ form nu-mir
Q000825.atf:245: sentence boundary at nu:~ form nu-me
Q000825.atf:398: sentence boundary at copula gam-e-dam
Q000825.atf:438: sentence boundary at nu:~ form nu-sag₉
Q000825.atf:479: sentence boundary at nu:~ form nu-tuku
Q000825.atf:547: sentence boundary at nu:~ form nu-tuku
Q000825.atf:820: sentence boundary at copula i₃-me-am₃
Q000825.atf:1000: sentence boundary at nu:~ form nu-si-sa₂
Q000825.atf:1008: sentence boundary at nu:~ form nu-keše₂-da
Q000825.atf:1078: sentence boundary at nu:~ form nu-tuku
